ARM Linker, 5.03 [Build 24] [MDK-ARM Standard]

==============================================================================

Section Cross References

    system_stm32f10x.o(.text) refers to system_stm32f10x.o(.data) for SystemCoreClock
    stm32f10x_gpio.o(.text) refers to stm32f10x_rcc.o(.text) for RCC_APB2PeriphResetCmd
    stm32f10x_rcc.o(.text) refers to stm32f10x_rcc.o(.data) for APBAHBPrescTable
    stm32f10x_usart.o(.text) refers to stm32f10x_rcc.o(.text) for RCC_APB2PeriphResetCmd
    stm32f10x_tim.o(.text) refers to stm32f10x_iwdg.o(.text) for STMFLASH_Read
    stm32f10x_tim.o(.text) refers to usart.o(.text) for USART_printf
    stm32f10x_tim.o(.text) refers to main.o(.text) for ClearProtocol
    stm32f10x_tim.o(.text) refers to stm32f10x_rcc.o(.text) for RCC_APB2PeriphResetCmd
    stm32f10x_tim.o(.text) refers to main.o(.data) for FlashReadBuff
    stm32f10x_tim.o(.text) refers to main.o(.bss) for gU2RecvBuff
    stm32f10x_i2c.o(.text) refers to stm32f10x_rcc.o(.text) for RCC_APB1PeriphResetCmd
    stm32f10x_can.o(.text) refers to stm32f10x_rcc.o(.text) for RCC_APB1PeriphResetCmd
    stm32f10x_adc.o(.text) refers to stm32f10x_rcc.o(.text) for RCC_APB2PeriphResetCmd
    stm32f10x_iwdg.o(.text) refers to stm32f10x_iwdg.o(.bss) for STMFLASH_BUF
    stm32f10x_it.o(.text) refers to systick.o(.text) for TimingDelay_Decrement
    stm32f10x_it.o(.text) refers to stm32f10x_tim.o(.text) for TIM_GetITStatus
    stm32f10x_it.o(.text) refers to stm32f10x_usart.o(.text) for USART_GetITStatus
    stm32f10x_it.o(.text) refers to main.o(.data) for step_timer2
    stm32f10x_it.o(.text) refers to main.o(.bss) for gU2RecvBuff
    stm32f10x_it.o(.text) refers to stm32f10x_it.o(.data) for u2StaMach
    gpio.o(.text) refers to stm32f10x_rcc.o(.text) for RCC_APB2PeriphClockCmd
    gpio.o(.text) refers to stm32f10x_gpio.o(.text) for GPIO_PinRemapConfig
    systick.o(.text) refers to system_stm32f10x.o(.data) for SystemCoreClock
    systick.o(.text) refers to systick.o(.data) for TimingDelay
    matrix_motor.o(.text) refers to stm32f10x_gpio.o(.text) for GPIO_SetBits
    matrix_motor.o(.text) refers to pcf8574_i2c.o(.text) for I2C_PCF8574_BufferWrite
    matrix_motor.o(.text) refers to main.o(.data) for I2CValue2
    matrix_motor.o(.text) refers to systick.o(.text) for Delay_us
    matrix_motor.o(.text) refers to printf1.o(i.__0printf$1) for __2printf
    matrix_motor.o(.text) refers to adc.o(.bss) for ADC_ConvertedValue
    usart.o(.text) refers to stm32f10x_rcc.o(.text) for RCC_APB2PeriphClockCmd
    usart.o(.text) refers to stm32f10x_gpio.o(.text) for GPIO_Init
    usart.o(.text) refers to stm32f10x_usart.o(.text) for USART_Init
    usart.o(.text) refers to misc.o(.text) for NVIC_PriorityGroupConfig
    usart.o(.text) refers to systick.o(.text) for Delay_us
    adc.o(.text) refers to stm32f10x_gpio.o(.text) for GPIO_Init
    adc.o(.text) refers to stm32f10x_rcc.o(.text) for RCC_AHBPeriphClockCmd
    adc.o(.text) refers to stm32f10x_dma.o(.text) for DMA_DeInit
    adc.o(.text) refers to stm32f10x_adc.o(.text) for ADC_DeInit
    adc.o(.text) refers to adc.o(.bss) for ADC_ConvertedValue
    pcf8574_i2c.o(.text) refers to stm32f10x_gpio.o(.text) for GPIO_Init
    ptoetcsw_check.o(.text) refers to stm32f10x_gpio.o(.text) for GPIO_SetBits
    ptoetcsw_check.o(.text) refers to pcf8574_i2c.o(.text) for I2C_PCF8574_BufferWrite
    ptoetcsw_check.o(.text) refers to systick.o(.text) for Delay_us
    ptoetcsw_check.o(.text) refers to main.o(.data) for I2CValue2
    main.o(.text) refers to systick.o(.text) for SysTick_Init
    main.o(.text) refers to gpio.o(.text) for GPIO_Config
    main.o(.text) refers to pcf8574_i2c.o(.text) for SoftwareI2CConfig
    main.o(.text) refers to usart.o(.text) for USART2_Config
    main.o(.text) refers to adc.o(.text) for ADC1_Config
    main.o(.text) refers to timer.o(.text) for TIM2_NVIC_Configuration
    main.o(.text) refers to matrix_motor.o(.text) for MotorStopAll
    main.o(.text) refers to stm32f10x_gpio.o(.text) for GPIO_ReadInputDataBit
    main.o(.text) refers to stm32f10x_rcc.o(.text) for RCC_APB1PeriphClockCmd
    main.o(.text) refers to stm32f10x_tim.o(.text) for TIM_Cmd
    main.o(.text) refers to main.o(.bss) for gU2RecvBuff
    main.o(.text) refers to main.o(.data) for I2CValue2
    main.o(.text) refers to adc.o(.bss) for ADC_ConvertedValue
    main.o(.text) refers to ptoetcsw_check.o(.text) for ELSCheck
    main.o(.text) refers to stm32f10x_iwdg.o(.text) for STMFLASH_Read
    main.o(.text) refers to ffltui.o(.text) for __aeabi_ui2f
    main.o(.text) refers to fdiv.o(.text) for __aeabi_fdiv
    main.o(.text) refers to f2d.o(.text) for __aeabi_f2d
    main.o(.text) refers to dmul.o(.text) for __aeabi_dmul
    main.o(.text) refers to d2f.o(.text) for __aeabi_d2f
    timer.o(.text) refers to misc.o(.text) for NVIC_Init
    timer.o(.text) refers to stm32f10x_rcc.o(.text) for RCC_APB1PeriphClockCmd
    timer.o(.text) refers to stm32f10x_tim.o(.text) for TIM_DeInit
[...]
    printfb.o(i.__0sprintf$bare) refers to printfb.o(i._printf_core) for _printf_core
    printfb.o(i.__0sprintf$bare) refers to printfb.o(i._sputc) for _sputc
    printfb.o(i.__0vfprintf$bare) refers to printfb.o(i._printf_core) for _printf_core
    printfb.o(i.__0vfprintf$bare) refers to usart.o(.text) for fputc
    printfb.o(i.__0vprintf$bare) refers to printfb.o(i._printf_core) for _printf_core
    printfb.o(i.__0vprintf$bare) refers to usart.o(.text) for fputc
    printfb.o(i.__0vprintf$bare) refers to stdout.o(.data) for __stdout
    printfb.o(i.__0vsnprintf$bare) refers to printfb.o(i._printf_core) for _printf_core
    printfb.o(i.__0vsnprintf$bare) refers to printfb.o(i._snputc) for _snputc
    printfb.o(i.__0vsprintf$bare) refers to printfb.o(i._printf_core) for _printf_core
    printfb.o(i.__0vsprintf$bare) refers to printfb.o(i._sputc) for _sputc
    printf0.o(i.__0fprintf$0) refers to printf0.o(i._printf_core) for _printf_core
    printf0.o(i.__0fprintf$0) refers to usart.o(.text) for fputc
    printf0.o(i.__0printf$0) refers to printf0.o(i._printf_core) for _printf_core
    printf0.o(i.__0printf$0) refers to usart.o(.text) for fputc
    printf0.o(i.__0printf$0) refers to stdout.o(.data) for __stdout
    printf0.o(i.__0snprintf$0) refers to printf0.o(i._printf_core) for _printf_core
    printf0.o(i.__0snprintf$0) refers to printf0.o(i._snputc) for _snputc
    printf0.o(i.__0sprintf$0) refers to printf0.o(i._printf_core) for _printf_core
    printf0.o(i.__0sprintf$0) refers to printf0.o(i._sputc) for _sputc
    printf0.o(i.__0vfprintf$0) refers to printf0.o(i._printf_core) for _printf_core
    printf0.o(i.__0vfprintf$0) refers to usart.o(.text) for fputc
    printf0.o(i.__0vprintf$0) refers to printf0.o(i._printf_core) for _printf_core
    printf0.o(i.__0vprintf$0) refers to usart.o(.text) for fputc
    printf0.o(i.__0vprintf$0) refers to stdout.o(.data) for __stdout
    printf0.o(i.__0vsnprintf$0) refers to printf0.o(i._printf_core) for _printf_core
    printf0.o(i.__0vsnprintf$0) refers to printf0.o(i._snputc) for _snputc
    printf0.o(i.__0vsprintf$0) refers to printf0.o(i._printf_core) for _printf_core
    printf0.o(i.__0vsprintf$0) refers to printf0.o(i._sputc) for _sputc
    printf1.o(i.__0fprintf$1) refers to printf1.o(i._printf_core) for _printf_core
    printf1.o(i.__0fprintf$1) refers to usart.o(.text) for fputc
    printf1.o(i.__0printf$1) refers to printf1.o(i._printf_core) for _printf_core
    printf1.o(i.__0printf$1) refers to usart.o(.text) for fputc
    printf1.o(i.__0printf$1) refers to stdout.o(.data) for __stdout
    printf1.o(i.__0snprintf$1) refers to printf1.o(i._printf_core) for _printf_core
    printf1.o(i.__0snprintf$1) refers to printf1.o(i._snputc) for _snputc
    printf1.o(i.__0sprintf$1) refers to printf1.o(i._printf_core) for _printf_core
    printf1.o(i.__0sprintf$1) refers to printf1.o(i._sputc) for _sputc
    printf1.o(i.__0vfprintf$1) refers to printf1.o(i._printf_core) for _printf_core
    printf1.o(i.__0vfprintf$1) refers to usart.o(.text) for fputc
    printf1.o(i.__0vprintf$1) refers to printf1.o(i._printf_core) for _printf_core
    printf1.o(i.__0vprintf$1) refers to usart.o(.text) for fputc
    printf1.o(i.__0vprintf$1) refers to stdout.o(.data) for __stdout
    printf1.o(i.__0vsnprintf$1) refers to printf1.o(i._printf_core) for _printf_core
    printf1.o(i.__0vsnprintf$1) refers to printf1.o(i._snputc) for _snputc
    printf1.o(i.__0vsprintf$1) refers to printf1.o(i._printf_core) for _printf_core
    printf1.o(i.__0vsprintf$1) refers to printf1.o(i._sputc) for _sputc
    printf1.o(i._printf_core) refers to uidiv.o(.text) for __aeabi_uidivmod
    printf2.o(i.__0fprintf$2) refers to printf2.o(i._printf_core) for _printf_core
    printf2.o(i.__0fprintf$2) refers to usart.o(.text) for fputc
    printf2.o(i.__0printf$2) refers to printf2.o(i._printf_core) for _printf_core
    printf2.o(i.__0printf$2) refers to usart.o(.text) for fputc
    printf2.o(i.__0printf$2) refers to stdout.o(.data) for __stdout
    printf2.o(i.__0snprintf$2) refers to printf2.o(i._printf_core) for _printf_core
    printf2.o(i.__0snprintf$2) refers to printf2.o(i._snputc) for _snputc
    printf2.o(i.__0sprintf$2) refers to printf2.o(i._printf_core) for _printf_core
    printf2.o(i.__0sprintf$2) refers to printf2.o(i._sputc) for _sputc
    printf2.o(i.__0vfprintf$2) refers to printf2.o(i._printf_core) for _printf_core
    printf2.o(i.__0vfprintf$2) refers to usart.o(.text) for fputc
    printf2.o(i.__0vprintf$2) refers to printf2.o(i._printf_core) for _printf_core
    printf2.o(i.__0vprintf$2) refers to usart.o(.text) for fputc
    printf2.o(i.__0vprintf$2) refers to stdout.o(.data) for __stdout
    printf2.o(i.__0vsnprintf$2) refers to printf2.o(i._printf_core) for _printf_core
    printf2.o(i.__0vsnprintf$2) refers to printf2.o(i._snputc) for _snputc
    printf2.o(i.__0vsprintf$2) refers to printf2.o(i._printf_core) for _printf_core
    printf2.o(i.__0vsprintf$2) refers to printf2.o(i._sputc) for _sputc
    printf3.o(i.__0fprintf$3) refers to printf3.o(i._printf_core) for _printf_core
    printf3.o(i.__0fprintf$3) refers to usart.o(.text) for fputc
    printf3.o(i.__0printf$3) refers to printf3.o(i._printf_core) for _printf_core
    printf3.o(i.__0printf$3) refers to usart.o(.text) for fputc
    printf3.o(i.__0printf$3) refers to stdout.o(.data) for __stdout
    printf3.o(i.__0snprintf$3) refers to printf3.o(i._printf_core) for _printf_core
    printf3.o(i.__0snprintf$3) refers to printf3.o(i._snputc) for _snputc
    printf3.o(i.__0sprintf$3) refers to printf3.o(i._printf_core) for _printf_core
    printf3.o(i.__0sprintf$3) refers to printf3.o(i._sputc) for _sputc
    printf3.o(i.__0vfprintf$3) refers to printf3.o(i._printf_core) for _printf_core
    printf3.o(i.__0vfprintf$3) refers to usart.o(.text) for fputc
    printf3.o(i.__0vprintf$3) refers to printf3.o(i._printf_core) for _printf_core
    printf3.o(i.__0vprintf$3) refers to usart.o(.text) for fputc
    printf3.o(i.__0vprintf$3) refers to stdout.o(.data) for __stdout
    printf3.o(i.__0vsnprintf$3) refers to printf3.o(i._printf_core) for _printf_core
    printf3.o(i.__0vsnprintf$3) refers to printf3.o(i._snputc) for _snputc
    printf3.o(i.__0vsprintf$3) refers to printf3.o(i._printf_core) for _printf_core
    printf3.o(i.__0vsprintf$3) refers to printf3.o(i._sputc) for _sputc
    printf3.o(i._printf_core) refers to uidiv.o(.text) for __aeabi_uidivmod
    printf4.o(i.__0fprintf$4) refers to printf4.o(i._printf_core) for _printf_core
    printf4.o(i.__0fprintf$4) refers to usart.o(.text) for fputc
    printf4.o(i.__0printf$4) refers to printf4.o(i._printf_core) for _printf_core
    printf4.o(i.__0printf$4) refers to usart.o(.text) for fputc
    printf4.o(i.__0printf$4) refers to stdout.o(.data) for __stdout
    printf4.o(i.__0snprintf$4) refers to printf4.o(i._printf_core) for _printf_core
    printf4.o(i.__0snprintf$4) refers to printf4.o(i._snputc) for _snputc
    printf4.o(i.__0sprintf$4) refers to printf4.o(i._printf_core) for _printf_core
    printf4.o(i.__0sprintf$4) refers to printf4.o(i._sputc) for _sputc
    printf4.o(i.__0vfprintf$4) refers to printf4.o(i._printf_core) for _printf_core
    printf4.o(i.__0vfprintf$4) refers to usart.o(.text) for fputc
    printf4.o(i.__0vprintf$4) refers to printf4.o(i._printf_core) for _printf_core
    printf4.o(i.__0vprintf$4) refers to usart.o(.text) for fputc
    printf4.o(i.__0vprintf$4) refers to stdout.o(.data) for __stdout
    printf4.o(i.__0vsnprintf$4) refers to printf4.o(i._printf_core) for _printf_core
    printf4.o(i.__0vsnprintf$4) refers to printf4.o(i._snputc) for _snputc
    printf4.o(i.__0vsprintf$4) refers to printf4.o(i._printf_core) for _printf_core
    printf4.o(i.__0vsprintf$4) refers to printf4.o(i._sputc) for _sputc
    printf4.o(i._printf_core) refers to uldiv.o(.text) for __aeabi_uldivmod
    printf5.o(i.__0fprintf$5) refers to printf5.o(i._printf_core) for _printf_core
    printf5.o(i.__0fprintf$5) refers to usart.o(.text) for fputc
    printf5.o(i.__0printf$5) refers to printf5.o(i._printf_core) for _printf_core
    printf5.o(i.__0printf$5) refers to usart.o(.text) for fputc
    printf5.o(i.__0printf$5) refers to stdout.o(.data) for __stdout
    printf5.o(i.__0snprintf$5) refers to printf5.o(i._printf_core) for _printf_core
    printf5.o(i.__0snprintf$5) refers to printf5.o(i._snputc) for _snputc
    printf5.o(i.__0sprintf$5) refers to printf5.o(i._printf_core) for _printf_core
    printf5.o(i.__0sprintf$5) refers to printf5.o(i._sputc) for _sputc
    printf5.o(i.__0vfprintf$5) refers to printf5.o(i._printf_core) for _printf_core
    printf5.o(i.__0vfprintf$5) refers to usart.o(.text) for fputc
    printf5.o(i.__0vprintf$5) refers to printf5.o(i._printf_core) for _printf_core
    printf5.o(i.__0vprintf$5) refers to usart.o(.text) for fputc
    printf5.o(i.__0vprintf$5) refers to stdout.o(.data) for __stdout
    printf5.o(i.__0vsnprintf$5) refers to printf5.o(i._printf_core) for _printf_core
    printf5.o(i.__0vsnprintf$5) refers to printf5.o(i._snputc) for _snputc
    printf5.o(i.__0vsprintf$5) refers to printf5.o(i._printf_core) for _printf_core
    printf5.o(i.__0vsprintf$5) refers to printf5.o(i._sputc) for _sputc
    printf5.o(i._printf_core) refers to uldiv.o(.text) for __aeabi_uldivmod
    printf6.o(i.__0fprintf$6) refers to printf6.o(i._printf_core) for _printf_core
    printf6.o(i.__0fprintf$6) refers to usart.o(.text) for fputc
    printf6.o(i.__0printf$6) refers to printf6.o(i._printf_core) for _printf_core
    printf6.o(i.__0printf$6) refers to usart.o(.text) for fputc
    printf6.o(i.__0printf$6) refers to stdout.o(.data) for __stdout
    printf6.o(i.__0snprintf$6) refers to printf6.o(i._printf_core) for _printf_core
    printf6.o(i.__0snprintf$6) refers to printf6.o(i._snputc) for _snputc
    printf6.o(i.__0sprintf$6) refers to printf6.o(i._printf_core) for _printf_core
    printf6.o(i.__0sprintf$6) refers to printf6.o(i._sputc) for _sputc
    printf6.o(i.__0vfprintf$6) refers to printf6.o(i._printf_core) for _printf_core
    printf6.o(i.__0vfprintf$6) refers to usart.o(.text) for fputc
    printf6.o(i.__0vprintf$6) refers to printf6.o(i._printf_core) for _printf_core
    printf6.o(i.__0vprintf$6) refers to usart.o(.text) for fputc
    printf6.o(i.__0vprintf$6) refers to stdout.o(.data) for __stdout
    printf6.o(i.__0vsnprintf$6) refers to printf6.o(i._printf_core) for _printf_core
    printf6.o(i.__0vsnprintf$6) refers to printf6.o(i._snputc) for _snputc
    printf6.o(i.__0vsprintf$6) refers to printf6.o(i._printf_core) for _printf_core
    printf6.o(i.__0vsprintf$6) refers to printf6.o(i._sputc) for _sputc
    printf6.o(i._printf_core) refers to printf6.o(i._printf_pre_padding) for _printf_pre_padding
    printf6.o(i._printf_core) refers to uidiv.o(.text) for __aeabi_uidivmod
    printf6.o(i._printf_core) refers to printf6.o(i._printf_post_padding) for _printf_post_padding
    printf7.o(i.__0fprintf$7) refers to printf7.o(i._printf_core) for _printf_core
    printf7.o(i.__0fprintf$7) refers to usart.o(.text) for fputc
    printf7.o(i.__0printf$7) refers to printf7.o(i._printf_core) for _printf_core
    printf7.o(i.__0printf$7) refers to usart.o(.text) for fputc
    printf7.o(i.__0printf$7) refers to stdout.o(.data) for __stdout
    printf7.o(i.__0snprintf$7) refers to printf7.o(i._printf_core) for _printf_core
    printf7.o(i.__0snprintf$7) refers to printf7.o(i._snputc) for _snputc
    printf7.o(i.__0sprintf$7) refers to printf7.o(i._printf_core) for _printf_core
    printf7.o(i.__0sprintf$7) refers to printf7.o(i._sputc) for _sputc
    printf7.o(i.__0vfprintf$7) refers to printf7.o(i._printf_core) for _printf_core
    printf7.o(i.__0vfprintf$7) refers to usart.o(.text) for fputc
    printf7.o(i.__0vprintf$7) refers to printf7.o(i._printf_core) for _printf_core
    printf7.o(i.__0vprintf$7) refers to usart.o(.text) for fputc
    printf7.o(i.__0vprintf$7) refers to stdout.o(.data) for __stdout
    printf7.o(i.__0vsnprintf$7) refers to printf7.o(i._printf_core) for _printf_core
    printf7.o(i.__0vsnprintf$7) refers to printf7.o(i._snputc) for _snputc
    printf7.o(i.__0vsprintf$7) refers to printf7.o(i._printf_core) for _printf_core
    printf7.o(i.__0vsprintf$7) refers to printf7.o(i._sputc) for _sputc
    printf7.o(i._printf_core) refers to printf7.o(i._printf_pre_padding) for _printf_pre_padding
    printf7.o(i._printf_core) refers to uldiv.o(.text) for __aeabi_uldivmod
    printf7.o(i._printf_core) refers to printf7.o(i._printf_post_padding) for _printf_post_padding
    printf8.o(i.__0fprintf$8) refers to printf8.o(i._printf_core) for _printf_core
    printf8.o(i.__0fprintf$8) refers to usart.o(.text) for fputc
    printf8.o(i.__0printf$8) refers to printf8.o(i._printf_core) for _printf_core
    printf8.o(i.__0printf$8) refers to usart.o(.text) for fputc
    printf8.o(i.__0printf$8) refers to stdout.o(.data) for __stdout
    printf8.o(i.__0snprintf$8) refers to printf8.o(i._printf_core) for _printf_core
    printf8.o(i.__0snprintf$8) refers to printf8.o(i._snputc) for _snputc
    printf8.o(i.__0sprintf$8) refers to printf8.o(i._printf_core) for _printf_core
    printf8.o(i.__0sprintf$8) refers to printf8.o(i._sputc) for _sputc
    printf8.o(i.__0vfprintf$8) refers to printf8.o(i._printf_core) for _printf_core
    printf8.o(i.__0vfprintf$8) refers to usart.o(.text) for fputc
    printf8.o(i.__0vprintf$8) refers to printf8.o(i._printf_core) for _printf_core
    printf8.o(i.__0vprintf$8) refers to usart.o(.text) for fputc
    printf8.o(i.__0vprintf$8) refers to stdout.o(.data) for __stdout
    printf8.o(i.__0vsnprintf$8) refers to printf8.o(i._printf_core) for _printf_core
    printf8.o(i.__0vsnprintf$8) refers to printf8.o(i._snputc) for _snputc
    printf8.o(i.__0vsprintf$8) refers to printf8.o(i._printf_core) for _printf_core
    printf8.o(i.__0vsprintf$8) refers to printf8.o(i._sputc) for _sputc
    printf8.o(i._printf_core) refers to printf8.o(i._printf_pre_padding) for _printf_pre_padding
    printf8.o(i._printf_core) refers to uldiv.o(.text) for __aeabi_uldivmod
    printf8.o(i._printf_core) refers to printf8.o(i._printf_post_padding) for _printf_post_padding
    printfa.o(i.__0fprintf) refers (Special) to iusefp.o(.text) for __I$use$fp
    printfa.o(i.__0fprintf) refers to printfa.o(i._printf_core) for _printf_core
    printfa.o(i.__0fprintf) refers to usart.o(.text) for fputc
    printfa.o(i.__0printf) refers (Special) to iusefp.o(.text) for __I$use$fp
    printfa.o(i.__0printf) refers to printfa.o(i._printf_core) for _printf_core
    printfa.o(i.__0printf) refers to usart.o(.text) for fputc
    printfa.o(i.__0printf) refers to stdout.o(.data) for __stdout
    printfa.o(i.__0snprintf) refers (Special) to iusefp.o(.text) for __I$use$fp
    printfa.o(i.__0snprintf) refers to printfa.o(i._printf_core) for _printf_core
    printfa.o(i.__0snprintf) refers to printfa.o(i._snputc) for _snputc
    printfa.o(i.__0sprintf) refers (Special) to iusefp.o(.text) for __I$use$fp
    printfa.o(i.__0sprintf) refers to printfa.o(i._printf_core) for _printf_core
    printfa.o(i.__0sprintf) refers to printfa.o(i._sputc) for _sputc
    printfa.o(i.__0vfprintf) refers (Special) to iusefp.o(.text) for __I$use$fp
    printfa.o(i.__0vfprintf) refers to printfa.o(i._printf_core) for _printf_core
    printfa.o(i.__0vfprintf) refers to usart.o(.text) for fputc
    printfa.o(i.__0vprintf) refers (Special) to iusefp.o(.text) for __I$use$fp
    printfa.o(i.__0vprintf) refers to printfa.o(i._printf_core) for _printf_core
    printfa.o(i.__0vprintf) refers to usart.o(.text) for fputc
    printfa.o(i.__0vprintf) refers to stdout.o(.data) for __stdout
    printfa.o(i.__0vsnprintf) refers (Special) to iusefp.o(.text) for __I$use$fp
    printfa.o(i.__0vsnprintf) refers to printfa.o(i._printf_core) for _printf_core
    printfa.o(i.__0vsnprintf) refers to printfa.o(i._snputc) for _snputc
    printfa.o(i.__0vsprintf) refers (Special) to iusefp.o(.text) for __I$use$fp
    printfa.o(i.__0vsprintf) refers to printfa.o(i._printf_core) for _printf_core
    printfa.o(i.__0vsprintf) refers to printfa.o(i._sputc) for _sputc
    printfa.o(i._fp_digits) refers (Special) to iusefp.o(.text) for __I$use$fp
    printfa.o(i._fp_digits) refers to dmul.o(.text) for __aeabi_dmul
    printfa.o(i._fp_digits) refers to ddiv.o(.text) for __aeabi_ddiv
    printfa.o(i._fp_digits) refers to cdrcmple.o(.text) for __aeabi_cdrcmple
    printfa.o(i._fp_digits) refers to dadd.o(.text) for __aeabi_dadd
    printfa.o(i._fp_digits) refers to dfixul.o(.text) for __aeabi_d2ulz
    printfa.o(i._fp_digits) refers to uldiv.o(.text) for __aeabi_uldivmod
    printfa.o(i._printf_core) refers (Special) to iusefp.o(.text) for __I$use$fp
    printfa.o(i._printf_core) refers to printfa.o(i._printf_pre_padding) for _printf_pre_padding
    printfa.o(i._printf_core) refers to uldiv.o(.text) for __aeabi_uldivmod
    printfa.o(i._printf_core) refers to printfa.o(i._printf_post_padding) for _printf_post_padding
    printfa.o(i._printf_core) refers to printfa.o(i._fp_digits) for _fp_digits
    printfa.o(i._printf_core) refers to uidiv.o(.text) for __aeabi_uidivmod
    printfa.o(i._printf_post_padding) refers (Special) to iusefp.o(.text) for __I$use$fp
    printfa.o(i._printf_pre_padding) refers (Special) to iusefp.o(.text) for __I$use$fp
    printfa.o(i._snputc) refers (Special) to iusefp.o(.text) for __I$use$fp
    printfa.o(i._sputc) refers (Special) to iusefp.o(.text) for __I$use$fp
    fdiv.o(.text) refers (Special) to iusefp.o(.text) for __I$use$fp
    fdiv.o(.text) refers to fepilogue.o(.text) for _float_round
    dmul.o(.text) refers (Special) to iusefp.o(.text) for __I$use$fp
    dmul.o(.text) refers to depilogue.o(.text) for _double_epilogue
    ffltui.o(.text) refers (Special) to iusefp.o(.text) for __I$use$fp
    ffltui.o(.text) refers to fepilogue.o(.text) for _float_epilogue
    f2d.o(.text) refers (Special) to iusefp.o(.text) for __I$use$fp
    d2f.o(.text) refers (Special) to iusefp.o(.text) for __I$use$fp
    d2f.o(.text) refers to fepilogue.o(.text) for _float_round
    entry2.o(.ARM.Collect$$$$00000001) refers to entry2.o(.ARM.Collect$$$$00002712) for __lit__00000000
    entry2.o(.ARM.Collect$$$$00002712) refers to startup_stm32f10x_hd.o(STACK) for __initial_sp
    entry2.o(__vectab_stack_and_reset_area) refers to startup_stm32f10x_hd.o(STACK) for __initial_sp
    entry2.o(__vectab_stack_and_reset_area) refers to entry.o(.ARM.Collect$$$$00000000) for __main
    entry5.o(.ARM.Collect$$$$00000004) refers to init.o(.text) for __scatterload
    entry9a.o(.ARM.Collect$$$$0000000B) refers to main.o(.text) for main
    entry9b.o(.ARM.Collect$$$$0000000C) refers to main.o(.text) for main
    uldiv.o(.text) refers to llushr.o(.text) for __aeabi_llsr
    uldiv.o(.text) refers to llshl.o(.text) for __aeabi_llsl
    depilogue.o(.text) refers to llshl.o(.text) for __aeabi_llsl
    depilogue.o(.text) refers to llushr.o(.text) for __aeabi_llsr
    dadd.o(.text) refers to llshl.o(.text) for __aeabi_llsl
    dadd.o(.text) refers to llsshr.o(.text) for __aeabi_lasr
    dadd.o(.text) refers to depilogue.o(.text) for _double_epilogue
    ddiv.o(.text) refers to depilogue.o(.text) for _double_round
    dfixul.o(.text) refers to llushr.o(.text) for __aeabi_llsr
    dfixul.o(.text) refers to llshl.o(.text) for __aeabi_llsl
    init.o(.text) refers to entry5.o(.ARM.Collect$$$$00000004) for __main_after_scatterload


==============================================================================

Removing Unused input sections from the image.

    Removing core_cm3.o(.emb_text), (32 bytes).
    Removing stm32f10x_exti.o(.text), (284 bytes).
    Removing stm32f10x_i2c.o(.text), (1028 bytes).
    Removing stm32f10x_can.o(.text), (2536 bytes).
    Removing iwdg.o(.text), (34 bytes).
    Removing startup_stm32f10x_hd.o(HEAP), (512 bytes).
    Removing dadd.o(.text), (334 bytes).
    Removing ddiv.o(.text), (222 bytes).
    Removing dfixul.o(.text), (48 bytes).
    Removing cdrcmple.o(.text), (40 bytes).

10 unused section(s) (total 5070 bytes) removed from the image.

==============================================================================

Image Symbol Table

    Local Symbols

    Symbol Name                              Value     Ov Type        Size  Object(Section)

    ../clib/microlib/division.c              0x00000000   Number         0  uldiv.o ABSOLUTE
    ../clib/microlib/division.c              0x00000000   Number         0  uidiv.o ABSOLUTE
    ../clib/microlib/init/entry.s            0x00000000   Number         0  entry10a.o ABSOLUTE
    ../clib/microlib/init/entry.s            0x00000000   Number         0  entry10b.o ABSOLUTE
    ../clib/microlib/init/entry.s            0x00000000   Number         0  entry.o ABSOLUTE
    ../clib/microlib/init/entry.s            0x00000000   Number         0  entry2.o ABSOLUTE
    ../clib/microlib/init/entry.s            0x00000000   Number         0  entry11a.o ABSOLUTE
    ../clib/microlib/init/entry.s            0x00000000   Number         0  entry5.o ABSOLUTE
    ../clib/microlib/init/entry.s            0x00000000   Number         0  entry11b.o ABSOLUTE
    ../clib/microlib/init/entry.s            0x00000000   Number         0  entry7a.o ABSOLUTE
    ../clib/microlib/init/entry.s            0x00000000   Number         0  entry7b.o ABSOLUTE
    ../clib/microlib/init/entry.s            0x00000000   Number         0  entry8a.o ABSOLUTE
    ../clib/microlib/init/entry.s            0x00000000   Number         0  entry8b.o ABSOLUTE
    ../clib/microlib/init/entry.s            0x00000000   Number         0  entry9a.o ABSOLUTE
    ../clib/microlib/init/entry.s            0x00000000   Number         0  entry9b.o ABSOLUTE
    ../clib/microlib/longlong.c              0x00000000   Number         0  llshl.o ABSOLUTE
    ../clib/microlib/longlong.c              0x00000000   Number         0  llsshr.o ABSOLUTE
    ../clib/microlib/longlong.c              0x00000000   Number         0  llushr.o ABSOLUTE
    ../clib/microlib/printf/printf.c         0x00000000   Number         0  printf2.o ABSOLUTE
    ../clib/microlib/printf/printf.c         0x00000000   Number         0  printfb.o ABSOLUTE
    ../clib/microlib/printf/printf.c         0x00000000   Number         0  printfa.o ABSOLUTE
    ../clib/microlib/printf/printf.c         0x00000000   Number         0  printf8.o ABSOLUTE
    ../clib/microlib/printf/printf.c         0x00000000   Number         0  printf7.o ABSOLUTE
    ../clib/microlib/printf/printf.c         0x00000000   Number         0  printf6.o ABSOLUTE
    ../clib/microlib/printf/printf.c         0x00000000   Number         0  printf5.o ABSOLUTE
    ../clib/microlib/printf/printf.c         0x00000000   Number         0  printf4.o ABSOLUTE
    ../clib/microlib/printf/printf.c         0x00000000   Number         0  printf3.o ABSOLUTE
    ../clib/microlib/printf/printf.c         0x00000000   Number         0  printf1.o ABSOLUTE
    ../clib/microlib/printf/printf.c         0x00000000   Number         0  printf0.o ABSOLUTE
    ../clib/microlib/printf/stubs.s          0x00000000   Number         0  stubs.o ABSOLUTE
    ../clib/microlib/stdio/streams.c         0x00000000   Number         0  stdout.o ABSOLUTE
    ../clib/microlib/stubs.s                 0x00000000   Number         0  iusefp.o ABSOLUTE
    ../fplib/microlib/d2f.c                  0x00000000   Number         0  d2f.o ABSOLUTE
    ../fplib/microlib/f2d.c                  0x00000000   Number         0  f2d.o ABSOLUTE
    ../fplib/microlib/fpadd.c                0x00000000   Number         0  dadd.o ABSOLUTE
    ../fplib/microlib/fpdiv.c                0x00000000   Number         0  ddiv.o ABSOLUTE
    ../fplib/microlib/fpdiv.c                0x00000000   Number         0  fdiv.o ABSOLUTE
    ../fplib/microlib/fpepilogue.c           0x00000000   Number         0  depilogue.o ABSOLUTE
    ../fplib/microlib/fpepilogue.c           0x00000000   Number         0  fepilogue.o ABSOLUTE
    ../fplib/microlib/fpfix.c                0x00000000   Number         0  dfixul.o ABSOLUTE
    ../fplib/microlib/fpflt.c                0x00000000   Number         0  ffltui.o ABSOLUTE
    ../fplib/microlib/fpmul.c                0x00000000   Number         0  dmul.o ABSOLUTE
    CMSIS\Startup\startup_stm32f10x_hd.s     0x00000000   Number         0  startup_stm32f10x_hd.o ABSOLUTE
    CMSIS\\core_cm3.c                        0x00000000   Number         0  core_cm3.o ABSOLUTE
    CMSIS\core_cm3.c                         0x00000000   Number         0  core_cm3.o ABSOLUTE
    CMSIS\system_stm32f10x.c                 0x00000000   Number         0  system_stm32f10x.o ABSOLUTE
    FWlib\src\misc.c                         0x00000000   Number         0  misc.o ABSOLUTE
    FWlib\src\stm32f10x_adc.c                0x00000000   Number         0  stm32f10x_adc.o ABSOLUTE
    FWlib\src\stm32f10x_can.c                0x00000000   Number         0  stm32f10x_can.o ABSOLUTE
    FWlib\src\stm32f10x_dma.c                0x00000000   Number         0  stm32f10x_dma.o ABSOLUTE
    FWlib\src\stm32f10x_exti.c               0x00000000   Number         0  stm32f10x_exti.o ABSOLUTE
    FWlib\src\stm32f10x_gpio.c               0x00000000   Number         0  stm32f10x_gpio.o ABSOLUTE
    FWlib\src\stm32f10x_i2c.c                0x00000000   Number         0  stm32f10x_i2c.o ABSOLUTE
    FWlib\src\stm32f10x_iwdg.c               0x00000000   Number         0  stm32f10x_iwdg.o ABSOLUTE
    FWlib\src\stm32f10x_rcc.c                0x00000000   Number         0  stm32f10x_rcc.o ABSOLUTE
    FWlib\src\stm32f10x_tim.c                0x00000000   Number         0  stm32f10x_tim.o ABSOLUTE
    FWlib\src\stm32f10x_usart.c              0x00000000   Number         0  stm32f10x_usart.o ABSOLUTE
    USER\GPIO.c                              0x00000000   Number         0  gpio.o ABSOLUTE
    USER\IWDG.c                              0x00000000   Number         0  iwdg.o ABSOLUTE
    USER\PCF8574_I2C.c                       0x00000000   Number         0  pcf8574_i2c.o ABSOLUTE
    USER\PtoEtcSW_Check.c                    0x00000000   Number         0  ptoetcsw_check.o ABSOLUTE
    USER\READ ME.c                           0x00000000   Number         0  read me.o ABSOLUTE
    USER\SysTick.c                           0x00000000   Number         0  systick.o ABSOLUTE
    USER\adc.c                               0x00000000   Number         0  adc.o ABSOLUTE
    USER\main.c                              0x00000000   Number         0  main.o ABSOLUTE
    USER\matrix_motor.c                      0x00000000   Number         0  matrix_motor.o ABSOLUTE
    USER\stm32f10x_it.c                      0x00000000   Number         0  stm32f10x_it.o ABSOLUTE
    USER\timer.c                             0x00000000   Number         0  timer.o ABSOLUTE
    USER\usart.c                             0x00000000   Number         0  usart.o ABSOLUTE
    cdrcmple.s                               0x00000000   Number         0  cdrcmple.o ABSOLUTE
    dc.s                                     0x00000000   Number         0  dc.o ABSOLUTE
    handlers.s                               0x00000000   Number         0  handlers.o ABSOLUTE
    init.s                                   0x00000000   Number         0  init.o ABSOLUTE
    RESET                                    0x08000000   Section      304  startup_stm32f10x_hd.o(RESET)
    .ARM.Collect$$$$00000000                 0x08000130   Section        0  entry.o(.ARM.Collect$$$$00000000)
    .ARM.Collect$$$$00000001                 0x08000130   Section        4  entry2.o(.ARM.Collect$$$$00000001)
    .ARM.Collect$$$$00000004                 0x08000134   Section        4  entry5.o(.ARM.Collect$$$$00000004)
    .ARM.Collect$$$$00000008                 0x08000138   Section        0  entry7b.o(.ARM.Collect$$$$00000008)
    .ARM.Collect$$$$0000000A                 0x08000138   Section        0  entry8b.o(.ARM.Collect$$$$0000000A)
    .ARM.Collect$$$$0000000B                 0x08000138   Section        8  entry9a.o(.ARM.Collect$$$$0000000B)
    .ARM.Collect$$$$0000000D                 0x08000140   Section        0  entry10a.o(.ARM.Collect$$$$0000000D)
    .ARM.Collect$$$$0000000F                 0x08000140   Section        0  entry11a.o(.ARM.Collect$$$$0000000F)
    .ARM.Collect$$$$00002712                 0x08000140   Section        4  entry2.o(.ARM.Collect$$$$00002712)
    __lit__00000000                          0x08000140   Data           4  entry2.o(.ARM.Collect$$$$00002712)
    .text                                    0x08000144   Section        0  system_stm32f10x.o(.text)
    SetSysClockTo72                          0x08000145   Thumb Code   212  system_stm32f10x.o(.text)
    SetSysClock                              0x08000219   Thumb Code     8  system_stm32f10x.o(.text)
    .text                                    0x08000320   Section        0  misc.o(.text)
    .text                                    0x080003fc   Section        0  stm32f10x_gpio.o(.text)
    .text                                    0x08000754   Section        0  stm32f10x_rcc.o(.text)
    .text                                    0x08000af8   Section        0  stm32f10x_usart.o(.text)
    .text                                    0x08000f00   Section        0  stm32f10x_tim.o(.text)
    TI4_Config                               0x08001491   Thumb Code   130  stm32f10x_tim.o(.text)
    TI3_Config                               0x08001525   Thumb Code   122  stm32f10x_tim.o(.text)
    TI2_Config                               0x080015b9   Thumb Code   130  stm32f10x_tim.o(.text)
    TI1_Config                               0x0800164d   Thumb Code   108  stm32f10x_tim.o(.text)
    .text                                    0x08001e04   Section        0  stm32f10x_adc.o(.text)
    .text                                    0x08002254   Section        0  stm32f10x_dma.o(.text)
    .text                                    0x080024a4   Section        0  stm32f10x_iwdg.o(.text)
    .text                                    0x08002728   Section        0  stm32f10x_it.o(.text)
    .text                                    0x08002838   Section        0  gpio.o(.text)
    .text                                    0x08002a04   Section        0  systick.o(.text)
    .text                                    0x08002ab4   Section        0  matrix_motor.o(.text)
    .text                                    0x08003258   Section        0  usart.o(.text)
    itoa                                     0x0800331b   Thumb Code    98  usart.o(.text)
    .text                                    0x080034f8   Section        0  adc.o(.text)
    ADC1_GPIO_Config                         0x080034f9   Thumb Code    64  adc.o(.text)
    ADC1_Mode_Config                         0x08003539   Thumb Code   374  adc.o(.text)
    .text                                    0x080036d4   Section        0  pcf8574_i2c.o(.text)
    .text                                    0x08003940   Section        0  ptoetcsw_check.o(.text)
    .text                                    0x08003aa0   Section        0  main.o(.text)
    .text                                    0x08004b04   Section        0  timer.o(.text)
    .text                                    0x08004bfc   Section       36  startup_stm32f10x_hd.o(.text)
    .text                                    0x08004c20   Section        0  fdiv.o(.text)
    .text                                    0x08004ca0   Section        0  dmul.o(.text)
    .text                                    0x08004d84   Section        0  ffltui.o(.text)
    .text                                    0x08004d8e   Section        0  f2d.o(.text)
    .text                                    0x08004db4   Section        0  d2f.o(.text)
    .text                                    0x08004dec   Section        0  uidiv.o(.text)
    .text                                    0x08004e18   Section        0  iusefp.o(.text)
    .text                                    0x08004e18   Section        0  fepilogue.o(.text)
    .text                                    0x08004e84   Section        0  depilogue.o(.text)
    .text                                    0x08004f44   Section       36  init.o(.text)
    .text                                    0x08004f68   Section        0  llshl.o(.text)
    .text                                    0x08004f86   Section        0  llushr.o(.text)
    i.__0printf$1                            0x08004fa8   Section        0  printf1.o(i.__0printf$1)
    i.__scatterload_copy                     0x08004fc8   Section       14  handlers.o(i.__scatterload_copy)
    i.__scatterload_null                     0x08004fd6   Section        2  handlers.o(i.__scatterload_null)
    i.__scatterload_zeroinit                 0x08004fd8   Section       14  handlers.o(i.__scatterload_zeroinit)
    i._printf_core                           0x08004fe8   Section        0  printf1.o(i._printf_core)
    _printf_core                             0x08004fe9   Thumb Code   334  printf1.o(i._printf_core)
    .data                                    0x20000000   Section       20  system_stm32f10x.o(.data)
    .data                                    0x20000014   Section       20  stm32f10x_rcc.o(.data)
    APBAHBPrescTable                         0x20000014   Data          16  stm32f10x_rcc.o(.data)
    ADCPrescTable                            0x20000024   Data           4  stm32f10x_rcc.o(.data)
    .data                                    0x20000028   Section        1  stm32f10x_it.o(.data)
    u2StaMach                                0x20000028   Data           1  stm32f10x_it.o(.data)
    .data                                    0x2000002c   Section        4  systick.o(.data)
    TimingDelay                              0x2000002c   Data           4  systick.o(.data)
    .data                                    0x20000030   Section      195  main.o(.data)
    .data                                    0x200000f4   Section        4  stdout.o(.data)
    .bss                                     0x200000f8   Section     2048  stm32f10x_iwdg.o(.bss)
    .bss                                     0x200008f8   Section       22  adc.o(.bss)
    .bss                                     0x2000090e   Section        9  main.o(.bss)
    STACK                                    0x20000918   Section     1024  startup_stm32f10x_hd.o(STACK)

    Global Symbols

    Symbol Name                              Value     Ov Type        Size  Object(Section)

    BuildAttributes$$THM_ISAv4$P$D$K$B$S$PE$A:L22UL41UL21$X:L11$S22US41US21$IEEE1$IW$USESV6$~STKCKD$USESV7$~SHL$OTIME$ROPI$EBA8$MICROLIB$REQ8$PRES8$EABIv2 0x00000000   Number         0  anon$$obj.o ABSOLUTE
    __ARM_use_no_argv                        0x00000000   Number         0  main.o ABSOLUTE
    _printf_a                                0x00000000   Number         0  stubs.o ABSOLUTE
    _printf_c                                0x00000000   Number         0  stubs.o ABSOLUTE
    _printf_charcount                        0x00000000   Number         0  stubs.o ABSOLUTE
    _printf_d                                0x00000000   Number         0  stubs.o ABSOLUTE
    _printf_e                                0x00000000   Number         0  stubs.o ABSOLUTE
    _printf_f                                0x00000000   Number         0  stubs.o ABSOLUTE
    _printf_flags                            0x00000000   Number         0  stubs.o ABSOLUTE
    _printf_fp_dec                           0x00000000   Number         0  stubs.o ABSOLUTE
    _printf_fp_hex                           0x00000000   Number         0  stubs.o ABSOLUTE
    _printf_g                                0x00000000   Number         0  stubs.o ABSOLUTE
    _printf_i                                0x00000000   Number         0  stubs.o ABSOLUTE
    _printf_int_dec                          0x00000000   Number         0  stubs.o ABSOLUTE
    _printf_l                                0x00000000   Number         0  stubs.o ABSOLUTE
    _printf_lc                               0x00000000   Number         0  stubs.o ABSOLUTE
    _printf_ll                               0x00000000   Number         0  stubs.o ABSOLUTE
    _printf_lld                              0x00000000   Number         0  stubs.o ABSOLUTE
    _printf_lli                              0x00000000   Number         0  stubs.o ABSOLUTE
    _printf_llo                              0x00000000   Number         0  stubs.o ABSOLUTE
    _printf_llu                              0x00000000   Number         0  stubs.o ABSOLUTE
    _printf_llx                              0x00000000   Number         0  stubs.o ABSOLUTE
    _printf_longlong_dec                     0x00000000   Number         0  stubs.o ABSOLUTE
    _printf_longlong_hex                     0x00000000   Number         0  stubs.o ABSOLUTE
    _printf_longlong_oct                     0x00000000   Number         0  stubs.o ABSOLUTE
    _printf_ls                               0x00000000   Number         0  stubs.o ABSOLUTE
    _printf_mbtowc                           0x00000000   Number         0  stubs.o ABSOLUTE
    _printf_n                                0x00000000   Number         0  stubs.o ABSOLUTE
    _printf_o                                0x00000000   Number         0  stubs.o ABSOLUTE
    _printf_p                                0x00000000   Number         0  stubs.o ABSOLUTE
    _printf_percent                          0x00000000   Number         0  stubs.o ABSOLUTE
    _printf_pre_padding                      0x00000000   Number         0  stubs.o ABSOLUTE
    _printf_return_value                     0x00000000   Number         0  stubs.o ABSOLUTE
    _printf_s                                0x00000000   Number         0  stubs.o ABSOLUTE
    _printf_sizespec                         0x00000000   Number         0  stubs.o ABSOLUTE
    _printf_str                              0x00000000   Number         0  stubs.o ABSOLUTE
    _printf_truncate_signed                  0x00000000   Number         0  stubs.o ABSOLUTE
    _printf_truncate_unsigned                0x00000000   Number         0  stubs.o ABSOLUTE
    _printf_u                                0x00000000   Number         0  stubs.o ABSOLUTE
    _printf_wc                               0x00000000   Number         0  stubs.o ABSOLUTE
    _printf_wctomb                           0x00000000   Number         0  stubs.o ABSOLUTE
    _printf_widthprec                        0x00000000   Number         0  stubs.o ABSOLUTE
    _printf_x                                0x00000000   Number         0  stubs.o ABSOLUTE
    __cpp_initialize__aeabi_                  - Undefined Weak Reference
    __cxa_finalize                            - Undefined Weak Reference
    __decompress                              - Undefined Weak Reference
    _clock_init                               - Undefined Weak Reference
    _microlib_exit                            - Undefined Weak Reference
    __Vectors_Size                           0x00000130   Number         0  startup_stm32f10x_hd.o ABSOLUTE
    __Vectors                                0x08000000   Data           4  startup_stm32f10x_hd.o(RESET)
    __Vectors_End                            0x08000130   Data           0  startup_stm32f10x_hd.o(RESET)
    __main                                   0x08000131   Thumb Code     0  entry.o(.ARM.Collect$$$$00000000)
    _main_stk                                0x08000131   Thumb Code     0  entry2.o(.ARM.Collect$$$$00000001)
    _main_scatterload                        0x08000135   Thumb Code     0  entry5.o(.ARM.Collect$$$$00000004)
    __main_after_scatterload                 0x08000139   Thumb Code     0  entry5.o(.ARM.Collect$$$$00000004)
    _main_clock                              0x08000139   Thumb Code     0  entry7b.o(.ARM.Collect$$$$00000008)
    _main_cpp_init                           0x08000139   Thumb Code     0  entry8b.o(.ARM.Collect$$$$0000000A)
    _main_init                               0x08000139   Thumb Code     0  entry9a.o(.ARM.Collect$$$$0000000B)
    __rt_final_cpp                           0x08000141   Thumb Code     0  entry10a.o(.ARM.Collect$$$$0000000D)
    __rt_final_exit                          0x08000141   Thumb Code     0  entry11a.o(.ARM.Collect$$$$0000000F)
    SystemInit                               0x08000221   Thumb Code    78  system_stm32f10x.o(.text)
    SystemCoreClockUpdate                    0x0800026f   Thumb Code   142  system_stm32f10x.o(.text)
    NVIC_PriorityGroupConfig                 0x08000321   Thumb Code    10  misc.o(.text)
    NVIC_Init                                0x0800032b   Thumb Code   102  misc.o(.text)
    NVIC_SetVectorTable                      0x08000391   Thumb Code    14  misc.o(.text)
    NVIC_SystemLPConfig                      0x0800039f   Thumb Code    34  misc.o(.text)
    SysTick_CLKSourceConfig                  0x080003c1   Thumb Code    40  misc.o(.text)
    GPIO_DeInit                              0x080003fd   Thumb Code   172  stm32f10x_gpio.o(.text)
    GPIO_AFIODeInit                          0x080004a9   Thumb Code    20  stm32f10x_gpio.o(.text)
    GPIO_Init                                0x080004bd   Thumb Code   274  stm32f10x_gpio.o(.text)
    GPIO_StructInit                          0x080005cf   Thumb Code    16  stm32f10x_gpio.o(.text)
    GPIO_ReadInputDataBit                    0x080005df   Thumb Code    18  stm32f10x_gpio.o(.text)
    GPIO_ReadInputData                       0x080005f1   Thumb Code     8  stm32f10x_gpio.o(.text)
    GPIO_ReadOutputDataBit                   0x080005f9   Thumb Code    18  stm32f10x_gpio.o(.text)
    GPIO_ReadOutputData                      0x0800060b   Thumb Code     8  stm32f10x_gpio.o(.text)
    GPIO_SetBits                             0x08000613   Thumb Code     4  stm32f10x_gpio.o(.text)
    GPIO_ResetBits                           0x08000617   Thumb Code     4  stm32f10x_gpio.o(.text)
    GPIO_WriteBit                            0x0800061b   Thumb Code    10  stm32f10x_gpio.o(.text)
    GPIO_Write                               0x08000625   Thumb Code     4  stm32f10x_gpio.o(.text)
    GPIO_PinLockConfig                       0x08000629   Thumb Code    18  stm32f10x_gpio.o(.text)
    GPIO_EventOutputConfig                   0x0800063b   Thumb Code    26  stm32f10x_gpio.o(.text)
    GPIO_EventOutputCmd                      0x08000655   Thumb Code     6  stm32f10x_gpio.o(.text)
    GPIO_PinRemapConfig                      0x0800065b   Thumb Code   138  stm32f10x_gpio.o(.text)
    GPIO_EXTILineConfig                      0x080006e5   Thumb Code    66  stm32f10x_gpio.o(.text)
    GPIO_ETH_MediaInterfaceConfig            0x08000727   Thumb Code     6  stm32f10x_gpio.o(.text)
    RCC_DeInit                               0x08000755   Thumb Code    64  stm32f10x_rcc.o(.text)
    RCC_HSEConfig                            0x08000795   Thumb Code    70  stm32f10x_rcc.o(.text)
    RCC_GetFlagStatus                        0x080007db   Thumb Code    56  stm32f10x_rcc.o(.text)
    RCC_WaitForHSEStartUp                    0x08000813   Thumb Code    56  stm32f10x_rcc.o(.text)
    RCC_AdjustHSICalibrationValue            0x0800084b   Thumb Code    20  stm32f10x_rcc.o(.text)
    RCC_HSICmd                               0x0800085f   Thumb Code     6  stm32f10x_rcc.o(.text)
    RCC_PLLConfig                            0x08000865   Thumb Code    24  stm32f10x_rcc.o(.text)
    RCC_PLLCmd                               0x0800087d   Thumb Code     6  stm32f10x_rcc.o(.text)
    RCC_SYSCLKConfig                         0x08000883   Thumb Code    18  stm32f10x_rcc.o(.text)
    RCC_GetSYSCLKSource                      0x08000895   Thumb Code    10  stm32f10x_rcc.o(.text)
    RCC_HCLKConfig                           0x0800089f   Thumb Code    18  stm32f10x_rcc.o(.text)
    RCC_PCLK1Config                          0x080008b1   Thumb Code    18  stm32f10x_rcc.o(.text)
    RCC_PCLK2Config                          0x080008c3   Thumb Code    20  stm32f10x_rcc.o(.text)
    RCC_ITConfig                             0x080008d7   Thumb Code    26  stm32f10x_rcc.o(.text)
    RCC_USBCLKConfig                         0x080008f1   Thumb Code     6  stm32f10x_rcc.o(.text)
    RCC_ADCCLKConfig                         0x080008f7   Thumb Code    18  stm32f10x_rcc.o(.text)
    RCC_LSEConfig                            0x08000909   Thumb Code    44  stm32f10x_rcc.o(.text)
    RCC_LSICmd                               0x08000935   Thumb Code     6  stm32f10x_rcc.o(.text)
    RCC_RTCCLKConfig                         0x0800093b   Thumb Code    12  stm32f10x_rcc.o(.text)
    RCC_RTCCLKCmd                            0x08000947   Thumb Code     8  stm32f10x_rcc.o(.text)
    RCC_GetClocksFreq                        0x0800094f   Thumb Code   192  stm32f10x_rcc.o(.text)
    RCC_AHBPeriphClockCmd                    0x08000a0f   Thumb Code    26  stm32f10x_rcc.o(.text)
    RCC_APB2PeriphClockCmd                   0x08000a29   Thumb Code    26  stm32f10x_rcc.o(.text)
    RCC_APB1PeriphClockCmd                   0x08000a43   Thumb Code    26  stm32f10x_rcc.o(.text)
    RCC_APB2PeriphResetCmd                   0x08000a5d   Thumb Code    26  stm32f10x_rcc.o(.text)
    RCC_APB1PeriphResetCmd                   0x08000a77   Thumb Code    26  stm32f10x_rcc.o(.text)
    RCC_BackupResetCmd                       0x08000a91   Thumb Code     8  stm32f10x_rcc.o(.text)
    RCC_ClockSecuritySystemCmd               0x08000a99   Thumb Code     6  stm32f10x_rcc.o(.text)
    RCC_MCOConfig                            0x08000a9f   Thumb Code     6  stm32f10x_rcc.o(.text)
    RCC_ClearFlag                            0x08000aa5   Thumb Code    14  stm32f10x_rcc.o(.text)
    RCC_GetITStatus                          0x08000ab3   Thumb Code    20  stm32f10x_rcc.o(.text)
    RCC_ClearITPendingBit                    0x08000ac7   Thumb Code     6  stm32f10x_rcc.o(.text)
    USART_DeInit                             0x08000af9   Thumb Code   134  stm32f10x_usart.o(.text)
    USART_Init                               0x08000b7f   Thumb Code   210  stm32f10x_usart.o(.text)
    USART_StructInit                         0x08000c51   Thumb Code    24  stm32f10x_usart.o(.text)
    USART_ClockInit                          0x08000c69   Thumb Code    34  stm32f10x_usart.o(.text)
    USART_ClockStructInit                    0x08000c8b   Thumb Code    12  stm32f10x_usart.o(.text)
    USART_Cmd                                0x08000c97   Thumb Code    24  stm32f10x_usart.o(.text)
    USART_ITConfig                           0x08000caf   Thumb Code    74  stm32f10x_usart.o(.text)
    USART_DMACmd                             0x08000cf9   Thumb Code    18  stm32f10x_usart.o(.text)
    USART_SetAddress                         0x08000d0b   Thumb Code    18  stm32f10x_usart.o(.text)
    USART_WakeUpConfig                       0x08000d1d   Thumb Code    18  stm32f10x_usart.o(.text)
    USART_ReceiverWakeUpCmd                  0x08000d2f   Thumb Code    24  stm32f10x_usart.o(.text)
    USART_LINBreakDetectLengthConfig         0x08000d47   Thumb Code    18  stm32f10x_usart.o(.text)
    USART_LINCmd                             0x08000d59   Thumb Code    24  stm32f10x_usart.o(.text)
    USART_SendData                           0x08000d71   Thumb Code     8  stm32f10x_usart.o(.text)
    USART_ReceiveData                        0x08000d79   Thumb Code    10  stm32f10x_usart.o(.text)
    USART_SendBreak                          0x08000d83   Thumb Code    10  stm32f10x_usart.o(.text)
    USART_SetGuardTime                       0x08000d8d   Thumb Code    16  stm32f10x_usart.o(.text)
    USART_SetPrescaler                       0x08000d9d   Thumb Code    16  stm32f10x_usart.o(.text)
    USART_SmartCardCmd                       0x08000dad   Thumb Code    24  stm32f10x_usart.o(.text)
    USART_SmartCardNACKCmd                   0x08000dc5   Thumb Code    24  stm32f10x_usart.o(.text)
    USART_HalfDuplexCmd                      0x08000ddd   Thumb Code    24  stm32f10x_usart.o(.text)
    USART_OverSampling8Cmd                   0x08000df5   Thumb Code    22  stm32f10x_usart.o(.text)
    USART_OneBitMethodCmd                    0x08000e0b   Thumb Code    24  stm32f10x_usart.o(.text)
    USART_IrDAConfig                         0x08000e23   Thumb Code    18  stm32f10x_usart.o(.text)
    USART_IrDACmd                            0x08000e35   Thumb Code    24  stm32f10x_usart.o(.text)
    USART_GetFlagStatus                      0x08000e4d   Thumb Code    26  stm32f10x_usart.o(.text)
    USART_ClearFlag                          0x08000e67   Thumb Code    18  stm32f10x_usart.o(.text)
    USART_GetITStatus                        0x08000e79   Thumb Code    84  stm32f10x_usart.o(.text)
    USART_ClearITPendingBit                  0x08000ecd   Thumb Code    52  stm32f10x_usart.o(.text)
    TIM_CheckFlash                           0x08000f01   Thumb Code   204  stm32f10x_tim.o(.text)
    TIM_DeInit                               0x08000fcd   Thumb Code   424  stm32f10x_tim.o(.text)
    TIM_TimeBaseInit                         0x08001175   Thumb Code   122  stm32f10x_tim.o(.text)
    TIM_OC1Init                              0x080011ef   Thumb Code   132  stm32f10x_tim.o(.text)
    TIM_OC2Init                              0x08001273   Thumb Code   252  stm32f10x_tim.o(.text)
    TIM_OC3Init                              0x0800136f   Thumb Code   150  stm32f10x_tim.o(.text)
    TIM_OC4Init                              0x08001405   Thumb Code   114  stm32f10x_tim.o(.text)
    TIM_SetIC4Prescaler                      0x08001477   Thumb Code    26  stm32f10x_tim.o(.text)
    TIM_SetIC3Prescaler                      0x08001513   Thumb Code    18  stm32f10x_tim.o(.text)
    TIM_SetIC2Prescaler                      0x0800159f   Thumb Code    26  stm32f10x_tim.o(.text)
    TIM_SetIC1Prescaler                      0x0800163b   Thumb Code    18  stm32f10x_tim.o(.text)
    TIM_ICInit                               0x080016b9   Thumb Code   150  stm32f10x_tim.o(.text)
    TIM_PWMIConfig                           0x0800174f   Thumb Code   146  stm32f10x_tim.o(.text)
    TIM_BDTRConfig                           0x080017e1   Thumb Code    32  stm32f10x_tim.o(.text)
    TIM_TimeBaseStructInit                   0x08001801   Thumb Code    18  stm32f10x_tim.o(.text)
    TIM_OCStructInit                         0x08001813   Thumb Code    20  stm32f10x_tim.o(.text)
    TIM_ICStructInit                         0x08001827   Thumb Code    18  stm32f10x_tim.o(.text)
    TIM_BDTRStructInit                       0x08001839   Thumb Code    18  stm32f10x_tim.o(.text)
    TIM_Cmd                                  0x0800184b   Thumb Code    24  stm32f10x_tim.o(.text)
    TIM_CtrlPWMOutputs                       0x08001863   Thumb Code    30  stm32f10x_tim.o(.text)
    TIM_ITConfig                             0x08001881   Thumb Code    18  stm32f10x_tim.o(.text)
    TIM_GenerateEvent                        0x08001893   Thumb Code     4  stm32f10x_tim.o(.text)
    TIM_DMAConfig                            0x08001897   Thumb Code    10  stm32f10x_tim.o(.text)
    TIM_DMACmd                               0x080018a1   Thumb Code    18  stm32f10x_tim.o(.text)
    TIM_InternalClockConfig                  0x080018b3   Thumb Code    12  stm32f10x_tim.o(.text)
    TIM_SelectInputTrigger                   0x080018bf   Thumb Code    18  stm32f10x_tim.o(.text)
    TIM_ITRxExternalClockConfig              0x080018d1   Thumb Code    24  stm32f10x_tim.o(.text)
    TIM_TIxExternalClockConfig               0x080018e9   Thumb Code    62  stm32f10x_tim.o(.text)
    TIM_ETRConfig                            0x08001927   Thumb Code    28  stm32f10x_tim.o(.text)
    TIM_ETRClockMode1Config                  0x08001943   Thumb Code    54  stm32f10x_tim.o(.text)
    TIM_ETRClockMode2Config                  0x08001979   Thumb Code    32  stm32f10x_tim.o(.text)
    TIM_PrescalerConfig                      0x08001999   Thumb Code     6  stm32f10x_tim.o(.text)
    TIM_CounterModeConfig                    0x0800199f   Thumb Code    18  stm32f10x_tim.o(.text)
    TIM_EncoderInterfaceConfig               0x080019b1   Thumb Code    66  stm32f10x_tim.o(.text)
    TIM_ForcedOC1Config                      0x080019f3   Thumb Code    18  stm32f10x_tim.o(.text)
    TIM_ForcedOC2Config                      0x08001a05   Thumb Code    26  stm32f10x_tim.o(.text)
    TIM_ForcedOC3Config                      0x08001a1f   Thumb Code    18  stm32f10x_tim.o(.text)
    TIM_ForcedOC4Config                      0x08001a31   Thumb Code    26  stm32f10x_tim.o(.text)
    TIM_ARRPreloadConfig                     0x08001a4b   Thumb Code    24  stm32f10x_tim.o(.text)
    TIM_SelectCOM                            0x08001a63   Thumb Code    24  stm32f10x_tim.o(.text)
    TIM_SelectCCDMA                          0x08001a7b   Thumb Code    24  stm32f10x_tim.o(.text)
    TIM_CCPreloadControl                     0x08001a93   Thumb Code    24  stm32f10x_tim.o(.text)
    TIM_OC1PreloadConfig                     0x08001aab   Thumb Code    18  stm32f10x_tim.o(.text)
    TIM_OC2PreloadConfig                     0x08001abd   Thumb Code    26  stm32f10x_tim.o(.text)
    TIM_OC3PreloadConfig                     0x08001ad7   Thumb Code    18  stm32f10x_tim.o(.text)
    TIM_OC4PreloadConfig                     0x08001ae9   Thumb Code    26  stm32f10x_tim.o(.text)
    TIM_OC1FastConfig                        0x08001b03   Thumb Code    18  stm32f10x_tim.o(.text)
    TIM_OC2FastConfig                        0x08001b15   Thumb Code    26  stm32f10x_tim.o(.text)
    TIM_OC3FastConfig                        0x08001b2f   Thumb Code    18  stm32f10x_tim.o(.text)
    TIM_OC4FastConfig                        0x08001b41   Thumb Code    26  stm32f10x_tim.o(.text)
    TIM_ClearOC1Ref                          0x08001b5b   Thumb Code    18  stm32f10x_tim.o(.text)
    TIM_ClearOC2Ref                          0x08001b6d   Thumb Code    24  stm32f10x_tim.o(.text)
    TIM_ClearOC3Ref                          0x08001b85   Thumb Code    18  stm32f10x_tim.o(.text)
    TIM_ClearOC4Ref                          0x08001b97   Thumb Code    24  stm32f10x_tim.o(.text)
    TIM_OC1PolarityConfig                    0x08001baf   Thumb Code    18  stm32f10x_tim.o(.text)
    TIM_OC1NPolarityConfig                   0x08001bc1   Thumb Code    18  stm32f10x_tim.o(.text)
    TIM_OC2PolarityConfig                    0x08001bd3   Thumb Code    26  stm32f10x_tim.o(.text)
    TIM_OC2NPolarityConfig                   0x08001bed   Thumb Code    26  stm32f10x_tim.o(.text)
    TIM_OC3PolarityConfig                    0x08001c07   Thumb Code    26  stm32f10x_tim.o(.text)
    TIM_OC3NPolarityConfig                   0x08001c21   Thumb Code    26  stm32f10x_tim.o(.text)
    TIM_OC4PolarityConfig                    0x08001c3b   Thumb Code    26  stm32f10x_tim.o(.text)
    TIM_CCxCmd                               0x08001c55   Thumb Code    30  stm32f10x_tim.o(.text)
    TIM_CCxNCmd                              0x08001c73   Thumb Code    30  stm32f10x_tim.o(.text)
    TIM_SelectOCxM                           0x08001c91   Thumb Code    82  stm32f10x_tim.o(.text)
    TIM_UpdateDisableConfig                  0x08001ce3   Thumb Code    24  stm32f10x_tim.o(.text)
    TIM_UpdateRequestConfig                  0x08001cfb   Thumb Code    24  stm32f10x_tim.o(.text)
    TIM_SelectHallSensor                     0x08001d13   Thumb Code    24  stm32f10x_tim.o(.text)
    TIM_SelectOnePulseMode                   0x08001d2b   Thumb Code    18  stm32f10x_tim.o(.text)
    TIM_SelectOutputTrigger                  0x08001d3d   Thumb Code    18  stm32f10x_tim.o(.text)
    TIM_SelectSlaveMode                      0x08001d4f   Thumb Code    18  stm32f10x_tim.o(.text)
    TIM_SelectMasterSlaveMode                0x08001d61   Thumb Code    18  stm32f10x_tim.o(.text)
    TIM_SetCounter                           0x08001d73   Thumb Code     4  stm32f10x_tim.o(.text)
    TIM_SetAutoreload                        0x08001d77   Thumb Code     4  stm32f10x_tim.o(.text)
    TIM_SetCompare1                          0x08001d7b   Thumb Code     4  stm32f10x_tim.o(.text)
    TIM_SetCompare2                          0x08001d7f   Thumb Code     4  stm32f10x_tim.o(.text)
    TIM_SetCompare3                          0x08001d83   Thumb Code     4  stm32f10x_tim.o(.text)
    TIM_SetCompare4                          0x08001d87   Thumb Code     6  stm32f10x_tim.o(.text)
    TIM_SetClockDivision                     0x08001d8d   Thumb Code    18  stm32f10x_tim.o(.text)
    TIM_GetCapture1                          0x08001d9f   Thumb Code     6  stm32f10x_tim.o(.text)
    TIM_GetCapture2                          0x08001da5   Thumb Code     6  stm32f10x_tim.o(.text)
    TIM_GetCapture3                          0x08001dab   Thumb Code     6  stm32f10x_tim.o(.text)
    TIM_GetCapture4                          0x08001db1   Thumb Code     8  stm32f10x_tim.o(.text)
    TIM_GetCounter                           0x08001db9   Thumb Code     6  stm32f10x_tim.o(.text)
    TIM_GetPrescaler                         0x08001dbf   Thumb Code     6  stm32f10x_tim.o(.text)
    TIM_GetFlagStatus                        0x08001dc5   Thumb Code    18  stm32f10x_tim.o(.text)
    TIM_ClearFlag                            0x08001dd7   Thumb Code     6  stm32f10x_tim.o(.text)
    TIM_GetITStatus                          0x08001ddd   Thumb Code    34  stm32f10x_tim.o(.text)
    TIM_ClearITPendingBit                    0x08001dff   Thumb Code     6  stm32f10x_tim.o(.text)
    ADC_DeInit                               0x08001e05   Thumb Code    78  stm32f10x_adc.o(.text)
    ADC_Init                                 0x08001e53   Thumb Code    70  stm32f10x_adc.o(.text)
    ADC_StructInit                           0x08001e99   Thumb Code    18  stm32f10x_adc.o(.text)
    ADC_Cmd                                  0x08001eab   Thumb Code    22  stm32f10x_adc.o(.text)
    ADC_DMACmd                               0x08001ec1   Thumb Code    22  stm32f10x_adc.o(.text)
    ADC_ITConfig                             0x08001ed7   Thumb Code    24  stm32f10x_adc.o(.text)
    ADC_ResetCalibration                     0x08001eef   Thumb Code    10  stm32f10x_adc.o(.text)
    ADC_GetResetCalibrationStatus            0x08001ef9   Thumb Code    20  stm32f10x_adc.o(.text)
    ADC_StartCalibration                     0x08001f0d   Thumb Code    10  stm32f10x_adc.o(.text)
    ADC_GetCalibrationStatus                 0x08001f17   Thumb Code    20  stm32f10x_adc.o(.text)
    ADC_SoftwareStartConvCmd                 0x08001f2b   Thumb Code    22  stm32f10x_adc.o(.text)
    ADC_GetSoftwareStartConvStatus           0x08001f41   Thumb Code    20  stm32f10x_adc.o(.text)
    ADC_DiscModeChannelCountConfig           0x08001f55   Thumb Code    24  stm32f10x_adc.o(.text)
    ADC_DiscModeCmd                          0x08001f6d   Thumb Code    22  stm32f10x_adc.o(.text)
    ADC_RegularChannelConfig                 0x08001f83   Thumb Code   184  stm32f10x_adc.o(.text)
    ADC_ExternalTrigConvCmd                  0x0800203b   Thumb Code    22  stm32f10x_adc.o(.text)
    ADC_GetConversionValue                   0x08002051   Thumb Code     8  stm32f10x_adc.o(.text)
    ADC_GetDualModeConversionValue           0x08002059   Thumb Code     8  stm32f10x_adc.o(.text)
    ADC_AutoInjectedConvCmd                  0x08002061   Thumb Code    22  stm32f10x_adc.o(.text)
    ADC_InjectedDiscModeCmd                  0x08002077   Thumb Code    22  stm32f10x_adc.o(.text)
    ADC_ExternalTrigInjectedConvConfig       0x0800208d   Thumb Code    16  stm32f10x_adc.o(.text)
    ADC_ExternalTrigInjectedConvCmd          0x0800209d   Thumb Code    22  stm32f10x_adc.o(.text)
    ADC_SoftwareStartInjectedConvCmd         0x080020b3   Thumb Code    22  stm32f10x_adc.o(.text)
    ADC_GetSoftwareStartInjectedConvCmdStatus 0x080020c9   Thumb Code    20  stm32f10x_adc.o(.text)
    ADC_InjectedChannelConfig                0x080020dd   Thumb Code   130  stm32f10x_adc.o(.text)
    ADC_InjectedSequencerLengthConfig        0x0800215f   Thumb Code    24  stm32f10x_adc.o(.text)
    ADC_SetInjectedOffset                    0x08002177   Thumb Code    20  stm32f10x_adc.o(.text)
    ADC_GetInjectedConversionValue           0x0800218b   Thumb Code    28  stm32f10x_adc.o(.text)
    ADC_AnalogWatchdogCmd                    0x080021a7   Thumb Code    16  stm32f10x_adc.o(.text)
    ADC_AnalogWatchdogThresholdsConfig       0x080021b7   Thumb Code     6  stm32f10x_adc.o(.text)
    ADC_AnalogWatchdogSingleChannelConfig    0x080021bd   Thumb Code    16  stm32f10x_adc.o(.text)
    ADC_TempSensorVrefintCmd                 0x080021cd   Thumb Code    64  stm32f10x_adc.o(.text)
    ADC_GetFlagStatus                        0x0800220d   Thumb Code    18  stm32f10x_adc.o(.text)
    ADC_ClearFlag                            0x0800221f   Thumb Code     6  stm32f10x_adc.o(.text)
    ADC_GetITStatus                          0x08002225   Thumb Code    36  stm32f10x_adc.o(.text)
    ADC_ClearITPendingBit                    0x08002249   Thumb Code    10  stm32f10x_adc.o(.text)
    DMA_DeInit                               0x08002255   Thumb Code   324  stm32f10x_dma.o(.text)
    DMA_Init                                 0x08002399   Thumb Code    60  stm32f10x_dma.o(.text)
    DMA_StructInit                           0x080023d5   Thumb Code    26  stm32f10x_dma.o(.text)
    DMA_Cmd                                  0x080023ef   Thumb Code    24  stm32f10x_dma.o(.text)
    DMA_ITConfig                             0x08002407   Thumb Code    18  stm32f10x_dma.o(.text)
    DMA_SetCurrDataCounter                   0x08002419   Thumb Code     4  stm32f10x_dma.o(.text)
    DMA_GetCurrDataCounter                   0x0800241d   Thumb Code     8  stm32f10x_dma.o(.text)
    DMA_GetFlagStatus                        0x08002425   Thumb Code    38  stm32f10x_dma.o(.text)
    DMA_ClearFlag                            0x0800244b   Thumb Code    22  stm32f10x_dma.o(.text)
    DMA_GetITStatus                          0x08002461   Thumb Code    38  stm32f10x_dma.o(.text)
    DMA_ClearITPendingBit                    0x08002487   Thumb Code    22  stm32f10x_dma.o(.text)
    IWDG_WriteAccessCmd                      0x080024a5   Thumb Code     6  stm32f10x_iwdg.o(.text)
    IWDG_SetPrescaler                        0x080024ab   Thumb Code     6  stm32f10x_iwdg.o(.text)
    IWDG_SetReload                           0x080024b1   Thumb Code     6  stm32f10x_iwdg.o(.text)
    IWDG_ReloadCounter                       0x080024b7   Thumb Code    10  stm32f10x_iwdg.o(.text)
    IWDG_Enable                              0x080024c1   Thumb Code    10  stm32f10x_iwdg.o(.text)
    IWDG_GetFlagStatus                       0x080024cb   Thumb Code    20  stm32f10x_iwdg.o(.text)
    delay_us                                 0x080024df   Thumb Code    14  stm32f10x_iwdg.o(.text)
    STMFLASH_Unlock                          0x080024ed   Thumb Code    12  stm32f10x_iwdg.o(.text)
    STMFLASH_Lock                            0x080024f9   Thumb Code    14  stm32f10x_iwdg.o(.text)
    STMFLASH_GetStatus                       0x08002507   Thumb Code    38  stm32f10x_iwdg.o(.text)
    STMFLASH_WaitDone                        0x0800252d   Thumb Code    42  stm32f10x_iwdg.o(.text)
    STMFLASH_ErasePage                       0x08002557   Thumb Code    72  stm32f10x_iwdg.o(.text)
    STMFLASH_WriteHalfWord                   0x0800259f   Thumb Code    58  stm32f10x_iwdg.o(.text)
    STMFLASH_ReadHalfWord                    0x080025d9   Thumb Code     6  stm32f10x_iwdg.o(.text)
    STMFLASH_Write_NoCheck                   0x080025df   Thumb Code    34  stm32f10x_iwdg.o(.text)
    STMFLASH_Read                            0x08002601   Thumb Code    34  stm32f10x_iwdg.o(.text)
    STMFLASH_Write                           0x08002623   Thumb Code   222  stm32f10x_iwdg.o(.text)
    Test_Write                               0x08002701   Thumb Code    16  stm32f10x_iwdg.o(.text)
    NMI_Handler                              0x08002729   Thumb Code     2  stm32f10x_it.o(.text)
    HardFault_Handler                        0x0800272b   Thumb Code     4  stm32f10x_it.o(.text)
    MemManage_Handler                        0x0800272f   Thumb Code     4  stm32f10x_it.o(.text)
    BusFault_Handler                         0x08002733   Thumb Code     4  stm32f10x_it.o(.text)
    UsageFault_Handler                       0x08002737   Thumb Code     4  stm32f10x_it.o(.text)
    SVC_Handler                              0x0800273b   Thumb Code     2  stm32f10x_it.o(.text)
    DebugMon_Handler                         0x0800273d   Thumb Code     2  stm32f10x_it.o(.text)
    PendSV_Handler                           0x0800273f   Thumb Code     2  stm32f10x_it.o(.text)
    SysTick_Handler                          0x08002741   Thumb Code     8  stm32f10x_it.o(.text)
    EXTI15_10_IRQHandler                     0x08002749   Thumb Code     2  stm32f10x_it.o(.text)
    TIM2_IRQHandler                          0x0800274b   Thumb Code    32  stm32f10x_it.o(.text)
    TIM3_IRQHandler                          0x0800276b   Thumb Code    32  stm32f10x_it.o(.text)
    USART2_IRQHandler                        0x0800278b   Thumb Code   150  stm32f10x_it.o(.text)
    GPIO_Config                              0x08002839   Thumb Code   436  gpio.o(.text)
    SysTick_Init                             0x08002a05   Thumb Code   104  systick.o(.text)
    Delay_us                                 0x08002a6d   Thumb Code    36  systick.o(.text)
    TimingDelay_Decrement                    0x08002a91   Thumb Code    18  systick.o(.text)
    MotorRowStop                             0x08002ab5   Thumb Code   282  matrix_motor.o(.text)
    MotorColStop                             0x08002bcf   Thumb Code   406  matrix_motor.o(.text)
    MotorColDrive                            0x08002d65   Thumb Code   356  matrix_motor.o(.text)
    MotorRowDrive                            0x08002ec9   Thumb Code   346  matrix_motor.o(.text)
    MotorDrive                               0x08003023   Thumb Code   126  matrix_motor.o(.text)
    MotorDriveResverse                       0x080030a1   Thumb Code   100  matrix_motor.o(.text)
    MotorStopAll                             0x08003105   Thumb Code    54  matrix_motor.o(.text)
    CheckMotorStatus                         0x0800313b   Thumb Code   230  matrix_motor.o(.text)
    USART2_Config                            0x08003259   Thumb Code   164  usart.o(.text)
    fputc                                    0x080032fd   Thumb Code    30  usart.o(.text)
    USART_printf                             0x0800337d   Thumb Code   294  usart.o(.text)
    EchoToMaster                             0x080034a3   Thumb Code    72  usart.o(.text)
    ADC1_Config                              0x080036af   Thumb Code    12  adc.o(.text)
    I2C_delay                                0x080036d5   Thumb Code    14  pcf8574_i2c.o(.text)
    I2C_Start                                0x080036e3   Thumb Code    72  pcf8574_i2c.o(.text)
    I2C_Stop                                 0x0800372b   Thumb Code    48  pcf8574_i2c.o(.text)
    I2C_Ack                                  0x0800375b   Thumb Code    50  pcf8574_i2c.o(.text)
    I2C_NoAck                                0x0800378d   Thumb Code    48  pcf8574_i2c.o(.text)
    I2C_WaitAck                              0x080037bd   Thumb Code    70  pcf8574_i2c.o(.text)
    I2C_SendByte                             0x08003803   Thumb Code    80  pcf8574_i2c.o(.text)
    I2C_ReceiveByte                          0x08003853   Thumb Code    78  pcf8574_i2c.o(.text)
    I2C_PCF8574_BufferWrite                  0x080038a1   Thumb Code    54  pcf8574_i2c.o(.text)
    I2C_PCF8574_BufferRead                   0x080038d7   Thumb Code    46  pcf8574_i2c.o(.text)
    SoftwareI2CConfig                        0x08003905   Thumb Code    32  pcf8574_i2c.o(.text)
    SoftwareI2CGPIOConfig                    0x08003925   Thumb Code    24  pcf8574_i2c.o(.text)
    OnlyStop_PtoEtcSW                        0x08003941   Thumb Code   158  ptoetcsw_check.o(.text)
    StopAllPtoEtcSW                          0x080039df   Thumb Code    24  ptoetcsw_check.o(.text)
    StartAllPtoEtcSW                         0x080039f7   Thumb Code    52  ptoetcsw_check.o(.text)
    ELSCheck                                 0x08003a2b   Thumb Code   102  ptoetcsw_check.o(.text)
    ClearProtocol                            0x08003aa1   Thumb Code    36  main.o(.text)
    main                                     0x08003ac5   Thumb Code  3764  main.o(.text)
    ADC1_Test                                0x08004979   Thumb Code   120  main.o(.text)
    MosTest                                  0x080049f1   Thumb Code   120  main.o(.text)
    I2CSoftwareTest                          0x08004a69   Thumb Code    82  main.o(.text)
    TIM2_NVIC_Configuration                  0x08004b05   Thumb Code    32  timer.o(.text)
    TIM2_Configuration                       0x08004b25   Thumb Code    88  timer.o(.text)
    TIM3_NVIC_Configuration                  0x08004b7d   Thumb Code    34  timer.o(.text)
    TIM3_Configuration                       0x08004b9f   Thumb Code    88  timer.o(.text)
    Reset_Handler                            0x08004bfd   Thumb Code     8  startup_stm32f10x_hd.o(.text)
    ADC1_2_IRQHandler                        0x08004c17   Thumb Code     0  startup_stm32f10x_hd.o(.text)
    ADC3_IRQHandler                          0x08004c17   Thumb Code     0  startup_stm32f10x_hd.o(.text)
    CAN1_RX1_IRQHandler                      0x08004c17   Thumb Code     0  startup_stm32f10x_hd.o(.text)
    CAN1_SCE_IRQHandler                      0x08004c17   Thumb Code     0  startup_stm32f10x_hd.o(.text)
    DMA1_Channel1_IRQHandler                 0x08004c17   Thumb Code     0  startup_stm32f10x_hd.o(.text)
    DMA1_Channel2_IRQHandler                 0x08004c17   Thumb Code     0  startup_stm32f10x_hd.o(.text)
    DMA1_Channel3_IRQHandler                 0x08004c17   Thumb Code     0  startup_stm32f10x_hd.o(.text)
    DMA1_Channel4_IRQHandler                 0x08004c17   Thumb Code     0  startup_stm32f10x_hd.o(.text)
    DMA1_Channel5_IRQHandler                 0x08004c17   Thumb Code     0  startup_stm32f10x_hd.o(.text)
    DMA1_Channel6_IRQHandler                 0x08004c17   Thumb Code     0  startup_stm32f10x_hd.o(.text)
    DMA1_Channel7_IRQHandler                 0x08004c17   Thumb Code     0  startup_stm32f10x_hd.o(.text)
    DMA2_Channel1_IRQHandler                 0x08004c17   Thumb Code     0  startup_stm32f10x_hd.o(.text)
    DMA2_Channel2_IRQHandler                 0x08004c17   Thumb Code     0  startup_stm32f10x_hd.o(.text)
    DMA2_Channel3_IRQHandler                 0x08004c17   Thumb Code     0  startup_stm32f10x_hd.o(.text)
    DMA2_Channel4_5_IRQHandler               0x08004c17   Thumb Code     0  startup_stm32f10x_hd.o(.text)
    EXTI0_IRQHandler                         0x08004c17   Thumb Code     0  startup_stm32f10x_hd.o(.text)
    EXTI1_IRQHandler                         0x08004c17   Thumb Code     0  startup_stm32f10x_hd.o(.text)
    EXTI2_IRQHandler                         0x08004c17   Thumb Code     0  startup_stm32f10x_hd.o(.text)
    EXTI3_IRQHandler                         0x08004c17   Thumb Code     0  startup_stm32f10x_hd.o(.text)
    EXTI4_IRQHandler                         0x08004c17   Thumb Code     0  startup_stm32f10x_hd.o(.text)
    EXTI9_5_IRQHandler                       0x08004c17   Thumb Code     0  startup_stm32f10x_hd.o(.text)
    FLASH_IRQHandler                         0x08004c17   Thumb Code     0  startup_stm32f10x_hd.o(.text)
    FSMC_IRQHandler                          0x08004c17   Thumb Code     0  startup_stm32f10x_hd.o(.text)
    I2C1_ER_IRQHandler                       0x08004c17   Thumb Code     0  startup_stm32f10x_hd.o(.text)
    I2C1_EV_IRQHandler                       0x08004c17   Thumb Code     0  startup_stm32f10x_hd.o(.text)
    I2C2_ER_IRQHandler                       0x08004c17   Thumb Code     0  startup_stm32f10x_hd.o(.text)
    I2C2_EV_IRQHandler                       0x08004c17   Thumb Code     0  startup_stm32f10x_hd.o(.text)
    PVD_IRQHandler                           0x08004c17   Thumb Code     0  startup_stm32f10x_hd.o(.text)
    RCC_IRQHandler                           0x08004c17   Thumb Code     0  startup_stm32f10x_hd.o(.text)
    RTCAlarm_IRQHandler                      0x08004c17   Thumb Code     0  startup_stm32f10x_hd.o(.text)
    RTC_IRQHandler                           0x08004c17   Thumb Code     0  startup_stm32f10x_hd.o(.text)
    SDIO_IRQHandler                          0x08004c17   Thumb Code     0  startup_stm32f10x_hd.o(.text)
    SPI1_IRQHandler                          0x08004c17   Thumb Code     0  startup_stm32f10x_hd.o(.text)
    SPI2_IRQHandler                          0x08004c17   Thumb Code     0  startup_stm32f10x_hd.o(.text)
    SPI3_IRQHandler                          0x08004c17   Thumb Code     0  startup_stm32f10x_hd.o(.text)
    TAMPER_IRQHandler                        0x08004c17   Thumb Code     0  startup_stm32f10x_hd.o(.text)
    TIM1_BRK_IRQHandler                      0x08004c17   Thumb Code     0  startup_stm32f10x_hd.o(.text)
    TIM1_CC_IRQHandler                       0x08004c17   Thumb Code     0  startup_stm32f10x_hd.o(.text)
    TIM1_TRG_COM_IRQHandler                  0x08004c17   Thumb Code     0  startup_stm32f10x_hd.o(.text)
    TIM1_UP_IRQHandler                       0x08004c17   Thumb Code     0  startup_stm32f10x_hd.o(.text)
    TIM4_IRQHandler                          0x08004c17   Thumb Code     0  startup_stm32f10x_hd.o(.text)
    TIM5_IRQHandler                          0x08004c17   Thumb Code     0  startup_stm32f10x_hd.o(.text)
    TIM6_IRQHandler                          0x08004c17   Thumb Code     0  startup_stm32f10x_hd.o(.text)
    TIM7_IRQHandler                          0x08004c17   Thumb Code     0  startup_stm32f10x_hd.o(.text)
    TIM8_BRK_IRQHandler                      0x08004c17   Thumb Code     0  startup_stm32f10x_hd.o(.text)
    TIM8_CC_IRQHandler                       0x08004c17   Thumb Code     0  startup_stm32f10x_hd.o(.text)
    TIM8_TRG_COM_IRQHandler                  0x08004c17   Thumb Code     0  startup_stm32f10x_hd.o(.text)
    TIM8_UP_IRQHandler                       0x08004c17   Thumb Code     0  startup_stm32f10x_hd.o(.text)
    UART4_IRQHandler                         0x08004c17   Thumb Code     0  startup_stm32f10x_hd.o(.text)
    UART5_IRQHandler                         0x08004c17   Thumb Code     0  startup_stm32f10x_hd.o(.text)
    USART1_IRQHandler                        0x08004c17   Thumb Code     0  startup_stm32f10x_hd.o(.text)
    USART3_IRQHandler                        0x08004c17   Thumb Code     0  startup_stm32f10x_hd.o(.text)
    USBWakeUp_IRQHandler                     0x08004c17   Thumb Code     0  startup_stm32f10x_hd.o(.text)
    USB_HP_CAN1_TX_IRQHandler                0x08004c17   Thumb Code     0  startup_stm32f10x_hd.o(.text)
    USB_LP_CAN1_RX0_IRQHandler               0x08004c17   Thumb Code     0  startup_stm32f10x_hd.o(.text)
    WWDG_IRQHandler                          0x08004c17   Thumb Code     0  startup_stm32f10x_hd.o(.text)
    __aeabi_fdiv                             0x08004c21   Thumb Code   128  fdiv.o(.text)
    __aeabi_dmul                             0x08004ca1   Thumb Code   228  dmul.o(.text)
    __aeabi_ui2f                             0x08004d85   Thumb Code    10  ffltui.o(.text)
    __aeabi_f2d                              0x08004d8f   Thumb Code    38  f2d.o(.text)
    __aeabi_d2f                              0x08004db5   Thumb Code    56  d2f.o(.text)
    __aeabi_uidiv                            0x08004ded   Thumb Code     0  uidiv.o(.text)
    __aeabi_uidivmod                         0x08004ded   Thumb Code    44  uidiv.o(.text)
    __I$use$fp                               0x08004e19   Thumb Code     0  iusefp.o(.text)
    _float_round                             0x08004e19   Thumb Code    18  fepilogue.o(.text)
    _float_epilogue                          0x08004e2b   Thumb Code    90  fepilogue.o(.text)
    _double_round                            0x08004e85   Thumb Code    26  depilogue.o(.text)
    _double_epilogue                         0x08004e9f   Thumb Code   164  depilogue.o(.text)
    __scatterload                            0x08004f45   Thumb Code    28  init.o(.text)
    __scatterload_rt2                        0x08004f45   Thumb Code     0  init.o(.text)
    __aeabi_llsl                             0x08004f69   Thumb Code    30  llshl.o(.text)
    _ll_shift_l                              0x08004f69   Thumb Code     0  llshl.o(.text)
    __aeabi_llsr                             0x08004f87   Thumb Code    32  llushr.o(.text)
    _ll_ushift_r                             0x08004f87   Thumb Code     0  llushr.o(.text)
    __0printf$1                              0x08004fa9   Thumb Code    22  printf1.o(i.__0printf$1)
    __1printf$1                              0x08004fa9   Thumb Code     0  printf1.o(i.__0printf$1)
    __2printf                                0x08004fa9   Thumb Code     0  printf1.o(i.__0printf$1)
    __scatterload_copy                       0x08004fc9   Thumb Code    14  handlers.o(i.__scatterload_copy)
    __scatterload_null                       0x08004fd7   Thumb Code     2  handlers.o(i.__scatterload_null)
    __scatterload_zeroinit                   0x08004fd9   Thumb Code    14  handlers.o(i.__scatterload_zeroinit)
    Region$$Table$$Base                      0x0800513c   Number         0  anon$$obj.o(Region$$Table)
    Region$$Table$$Limit                     0x0800515c   Number         0  anon$$obj.o(Region$$Table)
    SystemCoreClock                          0x20000000   Data           4  system_stm32f10x.o(.data)
    AHBPrescTable                            0x20000004   Data          16  system_stm32f10x.o(.data)
    i                                        0x20000030   Data           4  main.o(.data)
    j                                        0x20000034   Data           4  main.o(.data)
    FlashWriteBuff                           0x20000038   Data           6  main.o(.data)
    FlashReadBuff                            0x2000003e   Data           6  main.o(.data)
    FlashLocked                              0x20000044   Data           1  main.o(.data)
    I2CValue1                                0x20000045   Data           1  main.o(.data)
    I2CValue2                                0x20000046   Data           1  main.o(.data)
    IDOfPCB                                  0x20000047   Data           1  main.o(.data)
    RunMode                                  0x20000048   Data           1  main.o(.data)
    I2CStatus                                0x20000049   Data           1  main.o(.data)
    I2CTouchKey                              0x2000004a   Data           1  main.o(.data)
    I2CInfaraedSsr                           0x2000004b   Data           1  main.o(.data)
    PtoEtcSWCheckResult                      0x2000004c   Data           4  main.o(.data)
    IsMotorRunning                           0x20000050   Data           1  main.o(.data)
    TouchScreenActivity                      0x20000051   Data           1  main.o(.data)
    HandShakeToMaster                        0x20000052   Data           7  main.o(.data)
    PCBID                                    0x20000059   Data           7  main.o(.data)
    MedecineFailed                           0x20000060   Data           7  main.o(.data)
    MedecineSuccedded                        0x20000067   Data           7  main.o(.data)
    StarLEDSuccedded                         0x2000006e   Data           7  main.o(.data)
    StopLEDSuccedded                         0x20000075   Data           7  main.o(.data)
    StartPtoEtcSWSuccedded                   0x2000007c   Data           7  main.o(.data)
    StopPtoEtcSWSuccedded                    0x20000083   Data           7  main.o(.data)
    PtoEtcSWCheckResInfo                     0x2000008a   Data           7  main.o(.data)
    AllMotorStopped                          0x20000091   Data           7  main.o(.data)
    ColCurrentOverRange                      0x20000098   Data           7  main.o(.data)
    MotorStartInfo                           0x2000009f   Data           7  main.o(.data)
    ShelterOpened                            0x200000a6   Data           7  main.o(.data)
    ShelterClosed                            0x200000ad   Data           7  main.o(.data)
    MotorRunningTryLater                     0x200000b4   Data           7  main.o(.data)
    FlashInfo                                0x200000bb   Data           7  main.o(.data)
    motor_col                                0x200000c4   Data           4  main.o(.data)
    motor_row                                0x200000c8   Data           4  main.o(.data)
    MeanRunningCurrent                       0x200000cc   Data           4  main.o(.data)
    ShelterCrtLim                            0x200000d0   Data           4  main.o(.data)
    WaitPtoEtcSW                             0x200000d4   Data           1  main.o(.data)
    DelayTimeOfTimer2                        0x200000d8   Data           4  main.o(.data)
    ShelterUp                                0x200000dc   Data           1  main.o(.data)
    ShelterDown                              0x200000dd   Data           1  main.o(.data)
    TchScrSltStatus                          0x200000de   Data           1  main.o(.data)
    MotorStatus                              0x200000df   Data           1  main.o(.data)
    i_testloop                               0x200000e0   Data           1  main.o(.data)
    j_testloop                               0x200000e1   Data           1  main.o(.data)
    StartTimes                               0x200000e2   Data           1  main.o(.data)
    ADC_ConvertedValueLocal                  0x200000e4   Data           4  main.o(.data)
    step_timer2                              0x200000e8   Data           4  main.o(.data)
    step_timer3                              0x200000ec   Data           4  main.o(.data)
    temp_readbyte                            0x200000f0   Data           1  main.o(.data)
    readbyte                                 0x200000f1   Data           1  main.o(.data)
    sucess                                   0x200000f2   Data           1  main.o(.data)
    __stdout                                 0x200000f4   Data           4  stdout.o(.data)
    STMFLASH_BUF                             0x200000f8   Data        2048  stm32f10x_iwdg.o(.bss)
    ADC_ConvertedValue                       0x200008f8   Data          22  adc.o(.bss)
    gU2RecvBuff                              0x2000090e   Data           9  main.o(.bss)
    __initial_sp                             0x20000d18   Data           0  startup_stm32f10x_hd.o(STACK)



==============================================================================

Memory Map of the image

  Image Entry point : 0x08000131

  Load Region LR_IROM1 (Base: 0x08000000, Size: 0x00005254, Max: 0x00080000, ABSOLUTE)

    Execution Region ER_IROM1 (Base: 0x08000000, Size: 0x0000515c, Max: 0x00080000, ABSOLUTE)

    Base Addr    Size         Type   Attr      Idx    E Section Name        Object

    0x08000000   0x00000130   Data   RO          465    RESET               startup_stm32f10x_hd.o
    0x08000130   0x00000000   Code   RO          470  * .ARM.Collect$$$$00000000  mc_w.l(entry.o)
    0x08000130   0x00000004   Code   RO          744    .ARM.Collect$$$$00000001  mc_w.l(entry2.o)
    0x08000134   0x00000004   Code   RO          747    .ARM.Collect$$$$00000004  mc_w.l(entry5.o)
    0x08000138   0x00000000   Code   RO          749    .ARM.Collect$$$$00000008  mc_w.l(entry7b.o)
    0x08000138   0x00000000   Code   RO          751    .ARM.Collect$$$$0000000A  mc_w.l(entry8b.o)
    0x08000138   0x00000008   Code   RO          752    .ARM.Collect$$$$0000000B  mc_w.l(entry9a.o)
    0x08000140   0x00000000   Code   RO          754    .ARM.Collect$$$$0000000D  mc_w.l(entry10a.o)
    0x08000140   0x00000000   Code   RO          756    .ARM.Collect$$$$0000000F  mc_w.l(entry11a.o)
    0x08000140   0x00000004   Code   RO          745    .ARM.Collect$$$$00002712  mc_w.l(entry2.o)
    0x08000144   0x000001dc   Code   RO           17    .text               system_stm32f10x.o
    0x08000320   0x000000dc   Code   RO           81    .text               misc.o
    0x080003fc   0x00000358   Code   RO          116    .text               stm32f10x_gpio.o
    0x08000754   0x000003a4   Code   RO          128    .text               stm32f10x_rcc.o
    0x08000af8   0x00000408   Code   RO          154    .text               stm32f10x_usart.o
    0x08000f00   0x00000f04   Code   RO          166    .text               stm32f10x_tim.o
    0x08001e04   0x0000044e   Code   RO          213    .text               stm32f10x_adc.o
    0x08002252   0x00000002   PAD
    0x08002254   0x00000250   Code   RO          225    .text               stm32f10x_dma.o
    0x080024a4   0x00000284   Code   RO          237    .text               stm32f10x_iwdg.o
    0x08002728   0x00000110   Code   RO          252    .text               stm32f10x_it.o
    0x08002838   0x000001cc   Code   RO          275    .text               gpio.o
    0x08002a04   0x000000b0   Code   RO          290    .text               systick.o
    0x08002ab4   0x000007a4   Code   RO          311    .text               matrix_motor.o
    0x08003258   0x000002a0   Code   RO          336    .text               usart.o
    0x080034f8   0x000001dc   Code   RO          355    .text               adc.o
    0x080036d4   0x0000026c   Code   RO          373    .text               pcf8574_i2c.o
    0x08003940   0x00000160   Code   RO          388    .text               ptoetcsw_check.o
    0x08003aa0   0x00001064   Code   RO          404    .text               main.o
    0x08004b04   0x000000f8   Code   RO          439    .text               timer.o
    0x08004bfc   0x00000024   Code   RO          466    .text               startup_stm32f10x_hd.o
    0x08004c20   0x00000080   Code   RO          734    .text               mf_w.l(fdiv.o)
    0x08004ca0   0x000000e4   Code   RO          736    .text               mf_w.l(dmul.o)
    0x08004d84   0x0000000a   Code   RO          738    .text               mf_w.l(ffltui.o)
    0x08004d8e   0x00000026   Code   RO          740    .text               mf_w.l(f2d.o)
    0x08004db4   0x00000038   Code   RO          742    .text               mf_w.l(d2f.o)
    0x08004dec   0x0000002c   Code   RO          759    .text               mc_w.l(uidiv.o)
    0x08004e18   0x00000000   Code   RO          763    .text               mc_w.l(iusefp.o)
    0x08004e18   0x0000006c   Code   RO          764    .text               mf_w.l(fepilogue.o)
    0x08004e84   0x000000be   Code   RO          766    .text               mf_w.l(depilogue.o)
    0x08004f42   0x00000002   PAD
    0x08004f44   0x00000024   Code   RO          776    .text               mc_w.l(init.o)
    0x08004f68   0x0000001e   Code   RO          778    .text               mc_w.l(llshl.o)
    0x08004f86   0x00000020   Code   RO          780    .text               mc_w.l(llushr.o)
    0x08004fa6   0x00000002   PAD
    0x08004fa8   0x00000020   Code   RO          518    i.__0printf$1       mc_w.l(printf1.o)
    0x08004fc8   0x0000000e   Code   RO          786    i.__scatterload_copy  mc_w.l(handlers.o)
    0x08004fd6   0x00000002   Code   RO          787    i.__scatterload_null  mc_w.l(handlers.o)
    0x08004fd8   0x0000000e   Code   RO          788    i.__scatterload_zeroinit  mc_w.l(handlers.o)
    0x08004fe6   0x00000002   PAD
    0x08004fe8   0x00000154   Code   RO          525    i._printf_core      mc_w.l(printf1.o)
    0x0800513c   0x00000020   Data   RO          784    Region$$Table       anon$$obj.o


    Execution Region RW_IRAM1 (Base: 0x20000000, Size: 0x00000d18, Max: 0x00010000, ABSOLUTE)

    Base Addr    Size         Type   Attr      Idx    E Section Name        Object

    0x20000000   0x00000014   Data   RW           18    .data               system_stm32f10x.o
    0x20000014   0x00000014   Data   RW          129    .data               stm32f10x_rcc.o
    0x20000028   0x00000001   Data   RW          253    .data               stm32f10x_it.o
    0x20000029   0x00000003   PAD
    0x2000002c   0x00000004   Data   RW          291    .data               systick.o
    0x20000030   0x000000c3   Data   RW          406    .data               main.o
    0x200000f3   0x00000001   PAD
    0x200000f4   0x00000004   Data   RW          758    .data               mc_w.l(stdout.o)
    0x200000f8   0x00000800   Zero   RW          238    .bss                stm32f10x_iwdg.o
    0x200008f8   0x00000016   Zero   RW          356    .bss                adc.o
    0x2000090e   0x00000009   Zero   RW          405    .bss                main.o
    0x20000917   0x00000001   PAD
    0x20000918   0x00000400   Zero   RW          463    STACK               startup_stm32f10x_hd.o


==============================================================================

Image component sizes


      Code (inc. data)   RO Data    RW Data    ZI Data      Debug   Object Name

       476         26          0          0         22       1351   adc.o
         0          0          0          0          0       4244   core_cm3.o
       460         24          0          0          0        626   gpio.o
      4196        832          0        195          9       6958   main.o
      1956        152          0          0          0       2916   matrix_motor.o
       220         20          0          0          0     215233   misc.o
       620          4          0          0          0       2985   pcf8574_i2c.o
       352         28          0          0          0       1094   ptoetcsw_check.o
        36          8        304          0       1024        732   startup_stm32f10x_hd.o
      1102         26          0          0          0      10657   stm32f10x_adc.o
       592          8          0          0          0       4158   stm32f10x_dma.o
       856         40          0          0          0       5473   stm32f10x_gpio.o
       272         24          0          1          0       2795   stm32f10x_it.o
       644         24          0          0       2048       4679   stm32f10x_iwdg.o
       932         44          0         20          0       8572   stm32f10x_rcc.o
      3844        116          0          0          0      22934   stm32f10x_tim.o
      1032         22          0          0          0       8200   stm32f10x_usart.o
       476         36          0         20          0      54567   system_stm32f10x.o
       176         18          0          4          0      16317   systick.o
       248          6          0          0          0       1024   timer.o
       672         14          0          0          0       4140   usart.o

    ----------------------------------------------------------------------
     19164       1472        336        244       3104     379655   Object Totals
         0          0         32          0          0          0   (incl. Generated)
         2          0          0          4          1          0   (incl. Padding)

    ----------------------------------------------------------------------

      Code (inc. data)   RO Data    RW Data    ZI Data      Debug   Library Member Name

         0          0          0          0          0          0   entry.o
         0          0          0          0          0          0   entry10a.o
         0          0          0          0          0          0   entry11a.o
         8          4          0          0          0          0   entry2.o
         4          0          0          0          0          0   entry5.o
         0          0          0          0          0          0   entry7b.o
         0          0          0          0          0          0   entry8b.o
         8          4          0          0          0          0   entry9a.o
        30          0          0          0          0          0   handlers.o
        36          8          0          0          0         68   init.o
         0          0          0          0          0          0   iusefp.o
        30          0          0          0          0         68   llshl.o
        32          0          0          0          0         68   llushr.o
       372         16          0          0          0        180   printf1.o
         0          0          0          4          0          0   stdout.o
        44          0          0          0          0         80   uidiv.o
        56          0          0          0          0         88   d2f.o
       190          0          0          0          0        176   depilogue.o
       228          0          0          0          0         92   dmul.o
        38          0          0          0          0         68   f2d.o
       128          0          0          0          0         88   fdiv.o
       108          0          0          0          0        168   fepilogue.o
        10          0          0          0          0         68   ffltui.o

    ----------------------------------------------------------------------
      1328         32          0          4          0       1212   Library Totals
         6          0          0          0          0          0   (incl. Padding)

    ----------------------------------------------------------------------

      Code (inc. data)   RO Data    RW Data    ZI Data      Debug   Library Name

       564         32          0          4          0        464   mc_w.l
       758          0          0          0          0        748   mf_w.l

    ----------------------------------------------------------------------
      1328         32          0          4          0       1212   Library Totals

    ----------------------------------------------------------------------

==============================================================================


      Code (inc. data)   RO Data    RW Data    ZI Data      Debug   

     20492       1504        336        248       3104     378423   Grand Totals
     20492       1504        336        248       3104     378423   ELF Image Totals
     20492       1504        336        248          0          0   ROM Totals

==============================================================================

    Total RO  Size (Code + RO Data)                20828 (  20.34kB)
    Total RW  Size (RW Data + ZI Data)              3352 (   3.27kB)
    Total ROM Size (Code + RO Data + RW Data)      21076 (  20.58kB)

==============================================================================

